Component: ARM Compiler 5.06 update 2 (build 183) Tool: armlink [4d35b7]

==============================================================================

Section Cross References

    main.o(i.main) refers to _printf_percent.o(.ARM.Collect$$_printf_percent$$00000000) for _printf_percent
    main.o(i.main) refers to _printf_d.o(.ARM.Collect$$_printf_percent$$00000009) for _printf_d
    main.o(i.main) refers to _printf_dec.o(.text) for _printf_int_dec
    main.o(i.main) refers to _printf_pad.o(.text) for _printf_pre_padding
    main.o(i.main) refers to _printf_f.o(.ARM.Collect$$_printf_percent$$00000003) for _printf_f
    main.o(i.main) refers to printf1.o(x$fpl$printf1) for _printf_fp_dec
    main.o(i.main) refers to rt_memclr_w.o(.text) for __aeabi_memclr4
    main.o(i.main) refers to misc.o(i.NVIC_PriorityGroupConfig) for NVIC_PriorityGroupConfig
    main.o(i.main) refers to bsp_debuguart.o(i.BSP_DebugUART_Init) for BSP_DebugUART_Init
    main.o(i.main) refers to bsp_delay.o(i.BSP_Delay_Init) for BSP_Delay_Init
    main.o(i.main) refers to noretval__2printf.o(.text) for __2printf
    main.o(i.main) refers to bsp_sht11.o(i.BSP_SHT11_Init) for BSP_SHT11_Init
    main.o(i.main) refers to bsp_adconverter.o(i.BSP_ADConverter_Init) for BSP_ADConverter_Init
    main.o(i.main) refers to bsp_ledbuzzer.o(i.BSP_LEDBuzzer_Init) for BSP_LEDBuzzer_Init
    main.o(i.main) refers to bsp_extint.o(i.BSP_ExtInt_Init) for BSP_ExtInt_Init
    main.o(i.main) refers to bsp_servomotor.o(i.BSP_ServoMotor_Init) for BSP_ServoMotor_Init
    main.o(i.main) refers to bsp_adconverter.o(i.BSP_ADConverter_Get) for BSP_ADConverter_Get
    main.o(i.main) refers to stm32f4xx_gpio.o(i.GPIO_ReadInputDataBit) for GPIO_ReadInputDataBit
    main.o(i.main) refers to bsp_ledbuzzer.o(i.BSP_LEDBuzzer_Off) for BSP_LEDBuzzer_Off
    main.o(i.main) refers to bsp_ledbuzzer.o(i.BSP_LEDBuzzer_On) for BSP_LEDBuzzer_On
    main.o(i.main) refers to bsp_servomotor.o(i.BSP_ServoMotor1_Set) for BSP_ServoMotor1_Set
    main.o(i.main) refers to bsp_sht11.o(i.BSP_SHT11_Measure) for BSP_SHT11_Measure
    main.o(i.main) refers to bsp_sht11.o(i.BSP_SHT11_ConReset) for BSP_SHT11_ConReset
    main.o(i.main) refers to bsp_sht11.o(i.BSP_SHT11_Calculate) for BSP_SHT11_Calculate
    main.o(i.main) refers to bsp_sht11.o(i.BSP_SHT11_CalcuDewPoint) for BSP_SHT11_CalcuDewPoint
    main.o(i.main) refers to f2d.o(x$fpl$f2d) for __aeabi_f2d
    stm32f4xx_it.o(i.EXTI15_10_IRQHandler) refers to stm32f4xx_gpio.o(i.GPIO_ReadInputDataBit) for GPIO_ReadInputDataBit
    stm32f4xx_it.o(i.EXTI15_10_IRQHandler) refers to bsp_delay.o(i.BSP_Delay_ms) for BSP_Delay_ms
    stm32f4xx_it.o(i.EXTI15_10_IRQHandler) refers to noretval__2printf.o(.text) for __2printf
    stm32f4xx_it.o(i.EXTI15_10_IRQHandler) refers to bsp_ledbuzzer.o(i.BSP_LEDBuzzer_On) for BSP_LEDBuzzer_On
    stm32f4xx_it.o(i.EXTI15_10_IRQHandler) refers to stm32f4xx_exti.o(i.EXTI_ClearITPendingBit) for EXTI_ClearITPendingBit
    stm32f4xx_it.o(i.EXTI9_5_IRQHandler) refers to stm32f4xx_gpio.o(i.GPIO_ReadInputDataBit) for GPIO_ReadInputDataBit
    stm32f4xx_it.o(i.EXTI9_5_IRQHandler) refers to stm32f4xx_exti.o(i.EXTI_ClearITPendingBit) for EXTI_ClearITPendingBit
    stm32f4xx_it.o(i.USART1_IRQHandler) refers to stm32f4xx_usart.o(i.USART_GetITStatus) for USART_GetITStatus
    stm32f4xx_it.o(i.USART1_IRQHandler) refers to stm32f4xx_usart.o(i.USART_ReceiveData) for USART_ReceiveData
    stm32f4xx_it.o(i.USART1_IRQHandler) refers to queue.o(i.QueueMemDataInsert) for QueueMemDataInsert
    queue.o(i.QueueMemDataDel) refers to queue.o(.bss) for Queue_Recv
    queue.o(i.QueueMemDataInsert) refers to queue.o(.bss) for Queue_Recv
    test_sht11.o(i.Test_SHT11) refers to _printf_pad.o(.text) for _printf_pre_padding
    test_sht11.o(i.Test_SHT11) refers to _printf_percent.o(.ARM.Collect$$_printf_percent$$00000000) for _printf_percent
    test_sht11.o(i.Test_SHT11) refers to _printf_f.o(.ARM.Collect$$_printf_percent$$00000003) for _printf_f
    test_sht11.o(i.Test_SHT11) refers to printf1.o(x$fpl$printf1) for _printf_fp_dec
    test_sht11.o(i.Test_SHT11) refers to bsp_sht11.o(i.BSP_SHT11_Measure) for BSP_SHT11_Measure
    test_sht11.o(i.Test_SHT11) refers to bsp_sht11.o(i.BSP_SHT11_ConReset) for BSP_SHT11_ConReset
    test_sht11.o(i.Test_SHT11) refers to bsp_sht11.o(i.BSP_SHT11_Calculate) for BSP_SHT11_Calculate
    test_sht11.o(i.Test_SHT11) refers to bsp_sht11.o(i.BSP_SHT11_CalcuDewPoint) for BSP_SHT11_CalcuDewPoint
    test_sht11.o(i.Test_SHT11) refers to f2d.o(x$fpl$f2d) for __aeabi_f2d
    test_sht11.o(i.Test_SHT11) refers to noretval__2printf.o(.text) for __2printf
    test_sht11.o(i.Test_SHT11) refers to bsp_delay.o(i.BSP_Delay_ms) for BSP_Delay_ms
    test_irda.o(i.Test_IRDA) refers to _printf_percent.o(.ARM.Collect$$_printf_percent$$00000000) for _printf_percent
    test_irda.o(i.Test_IRDA) refers to _printf_d.o(.ARM.Collect$$_printf_percent$$00000009) for _printf_d
[...]
    .ARM.Collect$$libshutdown$$00000007      0x08000222   Section        0  libshutdown2.o(.ARM.Collect$$libshutdown$$00000007)
    .ARM.Collect$$libshutdown$$0000000A      0x08000222   Section        0  libshutdown2.o(.ARM.Collect$$libshutdown$$0000000A)
    .ARM.Collect$$libshutdown$$0000000C      0x08000222   Section        0  libshutdown2.o(.ARM.Collect$$libshutdown$$0000000C)
    .ARM.Collect$$libshutdown$$0000000F      0x08000222   Section        0  libshutdown2.o(.ARM.Collect$$libshutdown$$0000000F)
    .ARM.Collect$$libshutdown$$00000010      0x08000222   Section        2  libshutdown2.o(.ARM.Collect$$libshutdown$$00000010)
    .ARM.Collect$$rtentry$$00000000          0x08000224   Section        0  __rtentry.o(.ARM.Collect$$rtentry$$00000000)
    .ARM.Collect$$rtentry$$00000002          0x08000224   Section        0  __rtentry2.o(.ARM.Collect$$rtentry$$00000002)
    .ARM.Collect$$rtentry$$00000004          0x08000224   Section        6  __rtentry4.o(.ARM.Collect$$rtentry$$00000004)
    .ARM.Collect$$rtentry$$00000009          0x0800022a   Section        0  __rtentry2.o(.ARM.Collect$$rtentry$$00000009)
    .ARM.Collect$$rtentry$$0000000A          0x0800022a   Section        4  __rtentry2.o(.ARM.Collect$$rtentry$$0000000A)
    .ARM.Collect$$rtentry$$0000000C          0x0800022e   Section        0  __rtentry2.o(.ARM.Collect$$rtentry$$0000000C)
    .ARM.Collect$$rtentry$$0000000D          0x0800022e   Section        8  __rtentry2.o(.ARM.Collect$$rtentry$$0000000D)
    .ARM.Collect$$rtexit$$00000000           0x08000236   Section        2  rtexit.o(.ARM.Collect$$rtexit$$00000000)
    .ARM.Collect$$rtexit$$00000002           0x08000238   Section        0  rtexit2.o(.ARM.Collect$$rtexit$$00000002)
    .ARM.Collect$$rtexit$$00000003           0x08000238   Section        4  rtexit2.o(.ARM.Collect$$rtexit$$00000003)
    .ARM.Collect$$rtexit$$00000004           0x0800023c   Section        6  rtexit2.o(.ARM.Collect$$rtexit$$00000004)
    .text                                    0x08000244   Section       64  startup_stm32f40_41xxx.o(.text)
    .text                                    0x08000284   Section        2  use_no_semi_2.o(.text)
    .text                                    0x08000288   Section        0  noretval__2printf.o(.text)
    .text                                    0x080002a0   Section        0  _printf_pad.o(.text)
    .text                                    0x080002f0   Section        0  _printf_dec.o(.text)
    .text                                    0x08000368   Section        0  __printf_wp.o(.text)
    .text                                    0x08000476   Section       78  rt_memclr_w.o(.text)
    .text                                    0x080004c4   Section        0  heapauxi.o(.text)
    .text                                    0x080004ca   Section        2  use_no_semi.o(.text)
    .text                                    0x080004cc   Section        0  _rserrno.o(.text)
    .text                                    0x080004e2   Section        0  _printf_intcommon.o(.text)
    .text                                    0x08000594   Section        0  _printf_fp_dec.o(.text)
    _fp_digits                               0x08000597   Thumb Code   428  _printf_fp_dec.o(.text)
    .text                                    0x080009b0   Section        0  _printf_char_file.o(.text)
    .text                                    0x080009d4   Section        8  rt_locale_intlibspace.o(.text)
    .text                                    0x080009dc   Section        8  rt_errno_addr_intlibspace.o(.text)
    .text                                    0x080009e4   Section      138  lludiv10.o(.text)
    .text                                    0x08000a70   Section        0  _printf_char_common.o(.text)
    _printf_input_char                       0x08000a71   Thumb Code    10  _printf_char_common.o(.text)
    .text                                    0x08000aa0   Section        0  _printf_fp_infnan.o(.text)
    .text                                    0x08000b20   Section        0  bigflt0.o(.text)
    .text                                    0x08000bfc   Section        0  ferror.o(.text)
    .text                                    0x08000c04   Section        8  libspace.o(.text)
    .text                                    0x08000c0c   Section       74  sys_stackheap_outer.o(.text)
    .text                                    0x08000c56   Section        0  exit.o(.text)
    .text                                    0x08000c68   Section      128  strcmpv7m.o(.text)
    CL$$btod_d2e                             0x08000ce8   Section       62  btod.o(CL$$btod_d2e)
    CL$$btod_d2e_denorm_low                  0x08000d26   Section       70  btod.o(CL$$btod_d2e_denorm_low)
    CL$$btod_d2e_norm_op1                    0x08000d6c   Section       96  btod.o(CL$$btod_d2e_norm_op1)
    CL$$btod_div_common                      0x08000dcc   Section      824  btod.o(CL$$btod_div_common)
    CL$$btod_e2e                             0x08001104   Section      198  btod.o(CL$$btod_e2e)
    CL$$btod_ediv                            0x080011ca   Section       40  btod.o(CL$$btod_ediv)
    CL$$btod_emul                            0x080011f2   Section       40  btod.o(CL$$btod_emul)
    CL$$btod_mult_common                     0x0800121a   Section      580  btod.o(CL$$btod_mult_common)
    i.ADC_Cmd                                0x0800145e   Section        0  stm32f4xx_adc.o(i.ADC_Cmd)
    i.ADC_CommonInit                         0x08001474   Section        0  stm32f4xx_adc.o(i.ADC_CommonInit)
    i.ADC_GetConversionValue                 0x080014a4   Section        0  stm32f4xx_adc.o(i.ADC_GetConversionValue)
    i.ADC_GetFlagStatus                      0x080014ac   Section        0  stm32f4xx_adc.o(i.ADC_GetFlagStatus)
    i.ADC_Init                               0x080014c0   Section        0  stm32f4xx_adc.o(i.ADC_Init)
    i.ADC_RegularChannelConfig               0x08001514   Section        0  stm32f4xx_adc.o(i.ADC_RegularChannelConfig)
    i.ADC_SoftwareStartConv                  0x080015cc   Section        0  stm32f4xx_adc.o(i.ADC_SoftwareStartConv)
    i.BSP_ADConverter_ADC_Init               0x080015d8   Section        0  bsp_adconverter.o(i.BSP_ADConverter_ADC_Init)
    BSP_ADConverter_ADC_Init                 0x080015d9   Thumb Code    92  bsp_adconverter.o(i.BSP_ADConverter_ADC_Init)
    i.BSP_ADConverter_GPIO_Init              0x08001638   Section        0  bsp_adconverter.o(i.BSP_ADConverter_GPIO_Init)
    BSP_ADConverter_GPIO_Init                0x08001639   Thumb Code    48  bsp_adconverter.o(i.BSP_ADConverter_GPIO_Init)
    i.BSP_ADConverter_Get                    0x0800166c   Section        0  bsp_adconverter.o(i.BSP_ADConverter_Get)
    i.BSP_ADConverter_Init                   0x0800169c   Section        0  bsp_adconverter.o(i.BSP_ADConverter_Init)
    i.BSP_DebugUART_GPIO_Init                0x080016a8   Section        0  bsp_debuguart.o(i.BSP_DebugUART_GPIO_Init)
    BSP_DebugUART_GPIO_Init                  0x080016a9   Thumb Code    68  bsp_debuguart.o(i.BSP_DebugUART_GPIO_Init)
    i.BSP_DebugUART_Init                     0x080016f0   Section        0  bsp_debuguart.o(i.BSP_DebugUART_Init)
    i.BSP_DebugUART_NVIC_Init                0x08001704   Section        0  bsp_debuguart.o(i.BSP_DebugUART_NVIC_Init)
    BSP_DebugUART_NVIC_Init                  0x08001705   Thumb Code    34  bsp_debuguart.o(i.BSP_DebugUART_NVIC_Init)
    i.BSP_DebugUART_USART_Init               0x08001728   Section        0  bsp_debuguart.o(i.BSP_DebugUART_USART_Init)
    BSP_DebugUART_USART_Init                 0x08001729   Thumb Code    68  bsp_debuguart.o(i.BSP_DebugUART_USART_Init)
    i.BSP_Delay_Init                         0x08001770   Section        0  bsp_delay.o(i.BSP_Delay_Init)
    i.BSP_Delay_ms                           0x080017b4   Section        0  bsp_delay.o(i.BSP_Delay_ms)
    i.BSP_Delay_xms                          0x080017ec   Section        0  bsp_delay.o(i.BSP_Delay_xms)
    BSP_Delay_xms                            0x080017ed   Thumb Code    72  bsp_delay.o(i.BSP_Delay_xms)
    i.BSP_ExtInt_EXTI_Init                   0x08001838   Section        0  bsp_extint.o(i.BSP_ExtInt_EXTI_Init)
    BSP_ExtInt_EXTI_Init                     0x08001839   Thumb Code    70  bsp_extint.o(i.BSP_ExtInt_EXTI_Init)
    i.BSP_ExtInt_GPIO_Init                   0x08001880   Section        0  bsp_extint.o(i.BSP_ExtInt_GPIO_Init)
    BSP_ExtInt_GPIO_Init                     0x08001881   Thumb Code    56  bsp_extint.o(i.BSP_ExtInt_GPIO_Init)
    i.BSP_ExtInt_Init                        0x080018c0   Section        0  bsp_extint.o(i.BSP_ExtInt_Init)
    i.BSP_ExtInt_NVIC_Init                   0x080018d0   Section        0  bsp_extint.o(i.BSP_ExtInt_NVIC_Init)
    BSP_ExtInt_NVIC_Init                     0x080018d1   Thumb Code    64  bsp_extint.o(i.BSP_ExtInt_NVIC_Init)
    i.BSP_LEDBuzzer_GPIO_Init                0x08001910   Section        0  bsp_ledbuzzer.o(i.BSP_LEDBuzzer_GPIO_Init)
    BSP_LEDBuzzer_GPIO_Init                  0x08001911   Thumb Code    94  bsp_ledbuzzer.o(i.BSP_LEDBuzzer_GPIO_Init)
    i.BSP_LEDBuzzer_Init                     0x08001978   Section        0  bsp_ledbuzzer.o(i.BSP_LEDBuzzer_Init)
    i.BSP_LEDBuzzer_Off                      0x08001980   Section        0  bsp_ledbuzzer.o(i.BSP_LEDBuzzer_Off)
    i.BSP_LEDBuzzer_On                       0x080019a8   Section        0  bsp_ledbuzzer.o(i.BSP_LEDBuzzer_On)
    i.BSP_SHT11_CalcuDewPoint                0x080019d0   Section        0  bsp_sht11.o(i.BSP_SHT11_CalcuDewPoint)
    i.BSP_SHT11_Calculate                    0x08001ab0   Section        0  bsp_sht11.o(i.BSP_SHT11_Calculate)
    i.BSP_SHT11_ConReset                     0x08001bc0   Section        0  bsp_sht11.o(i.BSP_SHT11_ConReset)
    i.BSP_SHT11_DataIn                       0x08001c04   Section        0  bsp_sht11.o(i.BSP_SHT11_DataIn)
    i.BSP_SHT11_DataOut                      0x08001c28   Section        0  bsp_sht11.o(i.BSP_SHT11_DataOut)
    i.BSP_SHT11_Dly                          0x08001c54   Section        0  bsp_sht11.o(i.BSP_SHT11_Dly)
    BSP_SHT11_Dly                            0x08001c55   Thumb Code    30  bsp_sht11.o(i.BSP_SHT11_Dly)
    i.BSP_SHT11_Init                         0x08001c74   Section        0  bsp_sht11.o(i.BSP_SHT11_Init)
    i.BSP_SHT11_Measure                      0x08001cd0   Section        0  bsp_sht11.o(i.BSP_SHT11_Measure)
    i.BSP_SHT11_ReadByte                     0x08001d68   Section        0  bsp_sht11.o(i.BSP_SHT11_ReadByte)
    i.BSP_SHT11_TransStart                   0x08001de4   Section        0  bsp_sht11.o(i.BSP_SHT11_TransStart)
    i.BSP_SHT11_WriteByte                    0x08001e48   Section        0  bsp_sht11.o(i.BSP_SHT11_WriteByte)
    i.BSP_ServoMotor1_Set                    0x08001ec0   Section        0  bsp_servomotor.o(i.BSP_ServoMotor1_Set)
    i.BSP_ServoMotor3_Set                    0x08001eec   Section        0  bsp_servomotor.o(i.BSP_ServoMotor3_Set)
    i.BSP_ServoMotor6_Set                    0x08001f18   Section        0  bsp_servomotor.o(i.BSP_ServoMotor6_Set)
    i.BSP_ServoMotor_GPIO_Init               0x08001f44   Section        0  bsp_servomotor.o(i.BSP_ServoMotor_GPIO_Init)
    BSP_ServoMotor_GPIO_Init                 0x08001f45   Thumb Code   108  bsp_servomotor.o(i.BSP_ServoMotor_GPIO_Init)
    i.BSP_ServoMotor_Init                    0x08001fb8   Section        0  bsp_servomotor.o(i.BSP_ServoMotor_Init)
    i.BSP_ServoMotor_TIM1_Init               0x08001fd8   Section        0  bsp_servomotor.o(i.BSP_ServoMotor_TIM1_Init)
    BSP_ServoMotor_TIM1_Init                 0x08001fd9   Thumb Code   134  bsp_servomotor.o(i.BSP_ServoMotor_TIM1_Init)
    i.BusFault_Handler                       0x08002064   Section        0  stm32f4xx_it.o(i.BusFault_Handler)
    i.DebugMon_Handler                       0x08002068   Section        0  stm32f4xx_it.o(i.DebugMon_Handler)
    i.EXTI15_10_IRQHandler                   0x0800206c   Section        0  stm32f4xx_it.o(i.EXTI15_10_IRQHandler)
    i.EXTI9_5_IRQHandler                     0x080020ec   Section        0  stm32f4xx_it.o(i.EXTI9_5_IRQHandler)
    i.EXTI_ClearITPendingBit                 0x08002114   Section        0  stm32f4xx_exti.o(i.EXTI_ClearITPendingBit)
    i.EXTI_Init                              0x08002120   Section        0  stm32f4xx_exti.o(i.EXTI_Init)
    i.GPIO_Init                              0x080021b4   Section        0  stm32f4xx_gpio.o(i.GPIO_Init)
    i.GPIO_PinAFConfig                       0x08002244   Section        0  stm32f4xx_gpio.o(i.GPIO_PinAFConfig)
    i.GPIO_ReadInputDataBit                  0x0800228a   Section        0  stm32f4xx_gpio.o(i.GPIO_ReadInputDataBit)
    i.GPIO_ResetBits                         0x0800229c   Section        0  stm32f4xx_gpio.o(i.GPIO_ResetBits)
    i.GPIO_SetBits                           0x080022a0   Section        0  stm32f4xx_gpio.o(i.GPIO_SetBits)
    i.HardFault_Handler                      0x080022a4   Section        0  stm32f4xx_it.o(i.HardFault_Handler)
    i.MemManage_Handler                      0x080022a8   Section        0  stm32f4xx_it.o(i.MemManage_Handler)
    i.NMI_Handler                            0x080022ac   Section        0  stm32f4xx_it.o(i.NMI_Handler)
    i.NVIC_Init                              0x080022b0   Section        0  misc.o(i.NVIC_Init)
    i.NVIC_PriorityGroupConfig               0x08002328   Section        0  misc.o(i.NVIC_PriorityGroupConfig)
    i.PendSV_Handler                         0x0800233c   Section        0  stm32f4xx_it.o(i.PendSV_Handler)
    i.QueueMemDataInsert                     0x08002340   Section        0  queue.o(i.QueueMemDataInsert)
    i.RCC_AHB1PeriphClockCmd                 0x08002380   Section        0  stm32f4xx_rcc.o(i.RCC_AHB1PeriphClockCmd)
    i.RCC_APB2PeriphClockCmd                 0x080023a0   Section        0  stm32f4xx_rcc.o(i.RCC_APB2PeriphClockCmd)
    i.RCC_APB2PeriphResetCmd                 0x080023c0   Section        0  stm32f4xx_rcc.o(i.RCC_APB2PeriphResetCmd)
    i.RCC_GetClocksFreq                      0x080023e0   Section        0  stm32f4xx_rcc.o(i.RCC_GetClocksFreq)
    i.SVC_Handler                            0x080024c8   Section        0  stm32f4xx_it.o(i.SVC_Handler)
    i.SYSCFG_EXTILineConfig                  0x080024cc   Section        0  stm32f4xx_syscfg.o(i.SYSCFG_EXTILineConfig)
    i.SetSysClock                            0x0800250c   Section        0  system_stm32f4xx.o(i.SetSysClock)
    SetSysClock                              0x0800250d   Thumb Code   220  system_stm32f4xx.o(i.SetSysClock)
    i.SysTick_CLKSourceConfig                0x080025f8   Section        0  misc.o(i.SysTick_CLKSourceConfig)
    i.SysTick_Handler                        0x08002620   Section        0  stm32f4xx_it.o(i.SysTick_Handler)
    i.SystemInit                             0x08002624   Section        0  system_stm32f4xx.o(i.SystemInit)
    i.TIM_Cmd                                0x08002680   Section        0  stm32f4xx_tim.o(i.TIM_Cmd)
    i.TIM_CtrlPWMOutputs                     0x08002698   Section        0  stm32f4xx_tim.o(i.TIM_CtrlPWMOutputs)
    i.TIM_OC1Init                            0x080026b8   Section        0  stm32f4xx_tim.o(i.TIM_OC1Init)
    i.TIM_OC2Init                            0x08002734   Section        0  stm32f4xx_tim.o(i.TIM_OC2Init)
    i.TIM_OC3Init                            0x080027d8   Section        0  stm32f4xx_tim.o(i.TIM_OC3Init)
    i.TIM_SetCompare1                        0x08002878   Section        0  stm32f4xx_tim.o(i.TIM_SetCompare1)
    i.TIM_SetCompare2                        0x0800287c   Section        0  stm32f4xx_tim.o(i.TIM_SetCompare2)
    i.TIM_SetCompare3                        0x08002880   Section        0  stm32f4xx_tim.o(i.TIM_SetCompare3)
    i.TIM_TimeBaseInit                       0x08002884   Section        0  stm32f4xx_tim.o(i.TIM_TimeBaseInit)
    i.USART1_IRQHandler                      0x08002908   Section        0  stm32f4xx_it.o(i.USART1_IRQHandler)
    i.USART_Cmd                              0x0800292c   Section        0  stm32f4xx_usart.o(i.USART_Cmd)
    i.USART_GetITStatus                      0x08002944   Section        0  stm32f4xx_usart.o(i.USART_GetITStatus)
    i.USART_ITConfig                         0x08002998   Section        0  stm32f4xx_usart.o(i.USART_ITConfig)
    i.USART_Init                             0x080029e4   Section        0  stm32f4xx_usart.o(i.USART_Init)
    i.USART_ReceiveData                      0x08002ab8   Section        0  stm32f4xx_usart.o(i.USART_ReceiveData)
    i.UsageFault_Handler                     0x08002ac2   Section        0  stm32f4xx_it.o(i.UsageFault_Handler)
    i.__ARM_fpclassify                       0x08002ac6   Section        0  fpclassify.o(i.__ARM_fpclassify)
    i.__kernel_poly                          0x08002aee   Section        0  poly.o(i.__kernel_poly)
    i.__mathlib_dbl_divzero                  0x08002b98   Section        0  dunder.o(i.__mathlib_dbl_divzero)
    i.__mathlib_dbl_infnan                   0x08002ba8   Section        0  dunder.o(i.__mathlib_dbl_infnan)
    i.__mathlib_dbl_invalid                  0x08002bae   Section        0  dunder.o(i.__mathlib_dbl_invalid)
    i._is_digit                              0x08002bba   Section        0  __printf_wp.o(i._is_digit)
    i._sys_exit                              0x08002bc8   Section        0  bsp_debuguart.o(i._sys_exit)
    i.fputc                                  0x08002bcc   Section        0  bsp_debuguart.o(i.fputc)
    i.log                                    0x08002be8   Section        0  log.o(i.log)
    i.log10                                  0x08002f44   Section        0  log10.o(i.log10)
    i.main                                   0x08003028   Section        0  main.o(i.main)
    locale$$code                             0x08003258   Section       44  lc_numeric_c.o(locale$$code)
    x$fpl$d2f                                0x08003284   Section       98  d2f.o(x$fpl$d2f)
    x$fpl$dadd                               0x080032e8   Section      336  daddsub_clz.o(x$fpl$dadd)
    _dadd1                                   0x080032f9   Thumb Code     0  daddsub_clz.o(x$fpl$dadd)
    x$fpl$dcheck1                            0x08003438   Section       16  dcheck1.o(x$fpl$dcheck1)
    x$fpl$dcmpinf                            0x08003448   Section       24  dcmpi.o(x$fpl$dcmpinf)
    x$fpl$ddiv                               0x08003460   Section      688  ddiv.o(x$fpl$ddiv)
    ddiv_entry                               0x08003467   Thumb Code     0  ddiv.o(x$fpl$ddiv)
    x$fpl$deqf                               0x08003710   Section      120  deqf.o(x$fpl$deqf)
    x$fpl$dflt                               0x08003788   Section       46  dflt_clz.o(x$fpl$dflt)
    x$fpl$dleqf                              0x080037b8   Section      120  dleqf.o(x$fpl$dleqf)
    x$fpl$dmul                               0x08003830   Section      340  dmul.o(x$fpl$dmul)
    x$fpl$dnaninf                            0x08003984   Section      156  dnaninf.o(x$fpl$dnaninf)
    x$fpl$dretinf                            0x08003a20   Section       12  dretinf.o(x$fpl$dretinf)
    x$fpl$drsb                               0x08003a2c   Section       22  daddsub_clz.o(x$fpl$drsb)
    x$fpl$dsub                               0x08003a44   Section      468  daddsub_clz.o(x$fpl$dsub)
    _dsub1                                   0x08003a55   Thumb Code     0  daddsub_clz.o(x$fpl$dsub)
    x$fpl$f2d                                0x08003c18   Section       86  f2d.o(x$fpl$f2d)
    x$fpl$fadd                               0x08003c70   Section      196  faddsub_clz.o(x$fpl$fadd)
    _fadd1                                   0x08003c7f   Thumb Code     0  faddsub_clz.o(x$fpl$fadd)
    x$fpl$fcmpinf                            0x08003d34   Section       24  fcmpi.o(x$fpl$fcmpinf)
    x$fpl$ffltu                              0x08003d4c   Section       38  fflt_clz.o(x$fpl$ffltu)
    x$fpl$fleqf                              0x08003d74   Section      104  fleqf.o(x$fpl$fleqf)
    x$fpl$fmul                               0x08003ddc   Section      258  fmul.o(x$fpl$fmul)
    x$fpl$fnaninf                            0x08003ede   Section      140  fnaninf.o(x$fpl$fnaninf)
    x$fpl$fretinf                            0x08003f6a   Section       10  fretinf.o(x$fpl$fretinf)
    x$fpl$frleqf                             0x08003f74   Section       98  frleqf.o(x$fpl$frleqf)
    x$fpl$fsub                               0x08003fd8   Section      234  faddsub_clz.o(x$fpl$fsub)
    _fsub1                                   0x08003fe7   Thumb Code     0  faddsub_clz.o(x$fpl$fsub)
    x$fpl$printf1                            0x080040c2   Section        4  printf1.o(x$fpl$printf1)
    x$fpl$retnan                             0x080040c6   Section      100  retnan.o(x$fpl$retnan)
    x$fpl$scalbn                             0x0800412a   Section       92  scalbn.o(x$fpl$scalbn)
    x$fpl$trapveneer                         0x08004186   Section       48  trapv.o(x$fpl$trapveneer)
    x$fpl$usenofp                            0x080041b6   Section        0  usenofp.o(x$fpl$usenofp)
    .constdata                               0x080041b8   Section       56  log.o(.constdata)
    Lg2                                      0x080041b8   Data          24  log.o(.constdata)
    Lg                                       0x080041d0   Data          32  log.o(.constdata)
    .constdata                               0x080041f0   Section      148  bigflt0.o(.constdata)
    tenpwrs_x                                0x080041f0   Data          60  bigflt0.o(.constdata)
    tenpwrs_i                                0x0800422c   Data          64  bigflt0.o(.constdata)
    .constdata                               0x08004288   Section        8  qnan.o(.constdata)
    locale$$data                             0x080042b0   Section       28  lc_numeric_c.o(locale$$data)
    __lcnum_c_name                           0x080042b4   Data           2  lc_numeric_c.o(locale$$data)
    __lcnum_c_start                          0x080042bc   Data           0  lc_numeric_c.o(locale$$data)
    __lcnum_c_point                          0x080042c8   Data           0  lc_numeric_c.o(locale$$data)
    __lcnum_c_thousands                      0x080042ca   Data           0  lc_numeric_c.o(locale$$data)
    __lcnum_c_grouping                       0x080042cb   Data           0  lc_numeric_c.o(locale$$data)
    __lcnum_c_end                            0x080042cc   Data           0  lc_numeric_c.o(locale$$data)
    .data                                    0x20000000   Section        4  bsp_debuguart.o(.data)
    .data                                    0x20000004   Section        4  bsp_delay.o(.data)
    fac_us                                   0x20000004   Data           1  bsp_delay.o(.data)
    fac_ms                                   0x20000006   Data           2  bsp_delay.o(.data)
    .data                                    0x20000008   Section       20  system_stm32f4xx.o(.data)
    .data                                    0x2000001c   Section       16  stm32f4xx_rcc.o(.data)
    APBAHBPrescTable                         0x2000001c   Data          16  stm32f4xx_rcc.o(.data)
    .bss                                     0x2000002c   Section     1030  queue.o(.bss)
    .bss                                     0x20000434   Section       96  libspace.o(.bss)
    HEAP                                     0x20000498   Section      512  startup_stm32f40_41xxx.o(HEAP)
    Heap_Mem                                 0x20000498   Data         512  startup_stm32f40_41xxx.o(HEAP)
    STACK                                    0x20000698   Section     1024  startup_stm32f40_41xxx.o(STACK)
    Stack_Mem                                0x20000698   Data        1024  startup_stm32f40_41xxx.o(STACK)
    __initial_sp                             0x20000a98   Data           0  startup_stm32f40_41xxx.o(STACK)

    Global Symbols

    Symbol Name                              Value     Ov Type        Size  Object(Section)

    BuildAttributes$$THM_ISAv4$E$P$D$K$B$S$7EM$PE$A:L22UL41UL21$X:L11$S22US41US21$IEEE1$IW$USESV6$~STKCKD$USESV7$~SHL$OTIME$ROPI$IEEEX$EBA8$UX$STANDARDLIB$REQ8$PRES8$EABIv2 0x00000000   Number         0  anon$$obj.o ABSOLUTE
    __ARM_use_no_argv                        0x00000000   Number         0  main.o ABSOLUTE
    _printf_flags                            0x00000000   Number         0  printf_stubs.o ABSOLUTE
    _printf_return_value                     0x00000000   Number         0  printf_stubs.o ABSOLUTE
    _printf_sizespec                         0x00000000   Number         0  printf_stubs.o ABSOLUTE
    _printf_widthprec                        0x00000000   Number         0  printf_stubs.o ABSOLUTE
    __ARM_exceptions_init                     - Undefined Weak Reference
    __alloca_initialize                       - Undefined Weak Reference
    __arm_preinit_                            - Undefined Weak Reference
    __cpp_initialize__aeabi_                  - Undefined Weak Reference
    __cxa_finalize                            - Undefined Weak Reference
    __sigvec_lookup                           - Undefined Weak Reference
    _atexit_init                              - Undefined Weak Reference
    _call_atexit_fns                          - Undefined Weak Reference
    _clock_init                               - Undefined Weak Reference
    _fp_trap_init                             - Undefined Weak Reference
    _fp_trap_shutdown                         - Undefined Weak Reference
    _get_lc_collate                           - Undefined Weak Reference
    _get_lc_ctype                             - Undefined Weak Reference
    _get_lc_monetary                          - Undefined Weak Reference
    _get_lc_time                              - Undefined Weak Reference
    _getenv_init                              - Undefined Weak Reference
    _handle_redirection                       - Undefined Weak Reference
    _init_alloc                               - Undefined Weak Reference
    _init_user_alloc                          - Undefined Weak Reference
    _initio                                   - Undefined Weak Reference
    _mutex_acquire                            - Undefined Weak Reference
    _mutex_release                            - Undefined Weak Reference
    _printf_truncate_signed                   - Undefined Weak Reference
    _printf_truncate_unsigned                 - Undefined Weak Reference
    _rand_init                                - Undefined Weak Reference
    _signal_finish                            - Undefined Weak Reference
    _signal_init                              - Undefined Weak Reference
    _terminate_alloc                          - Undefined Weak Reference
    _terminate_user_alloc                     - Undefined Weak Reference
    _terminateio                              - Undefined Weak Reference
    __Vectors_Size                           0x00000188   Number         0  startup_stm32f40_41xxx.o ABSOLUTE
    __Vectors                                0x08000000   Data           4  startup_stm32f40_41xxx.o(RESET)
    __Vectors_End                            0x08000188   Data           0  startup_stm32f40_41xxx.o(RESET)
    __main                                   0x08000189   Thumb Code     8  __main.o(!!!main)
    __scatterload                            0x08000191   Thumb Code     0  __scatter.o(!!!scatter)
    __scatterload_rt2                        0x08000191   Thumb Code    44  __scatter.o(!!!scatter)
    __scatterload_rt2_thumb_only             0x08000191   Thumb Code     0  __scatter.o(!!!scatter)
    __scatterload_null                       0x0800019f   Thumb Code     0  __scatter.o(!!!scatter)
    __scatterload_copy                       0x080001c5   Thumb Code    26  __scatter_copy.o(!!handler_copy)
    __scatterload_zeroinit                   0x080001e1   Thumb Code    28  __scatter_zi.o(!!handler_zi)
    _printf_f                                0x080001fd   Thumb Code     0  _printf_f.o(.ARM.Collect$$_printf_percent$$00000003)
    _printf_percent                          0x080001fd   Thumb Code     0  _printf_percent.o(.ARM.Collect$$_printf_percent$$00000000)
    _printf_d                                0x08000203   Thumb Code     0  _printf_d.o(.ARM.Collect$$_printf_percent$$00000009)
    _printf_percent_end                      0x08000209   Thumb Code     0  _printf_percent_end.o(.ARM.Collect$$_printf_percent$$00000017)
    __rt_lib_init                            0x0800020d   Thumb Code     0  libinit.o(.ARM.Collect$$libinit$$00000000)
    __rt_lib_init_fp_1                       0x0800020f   Thumb Code     0  libinit2.o(.ARM.Collect$$libinit$$00000002)
    __rt_lib_init_heap_1                     0x0800020f   Thumb Code     0  libinit2.o(.ARM.Collect$$libinit$$0000000A)
    __rt_lib_init_lc_common                  0x0800020f   Thumb Code     0  libinit2.o(.ARM.Collect$$libinit$$0000000F)
    __rt_lib_init_preinit_1                  0x0800020f   Thumb Code     0  libinit2.o(.ARM.Collect$$libinit$$00000004)
    __rt_lib_init_rand_1                     0x0800020f   Thumb Code     0  libinit2.o(.ARM.Collect$$libinit$$0000000E)
    __rt_lib_init_user_alloc_1               0x0800020f   Thumb Code     0  libinit2.o(.ARM.Collect$$libinit$$0000000C)
    __rt_lib_init_lc_collate_1               0x08000215   Thumb Code     0  libinit2.o(.ARM.Collect$$libinit$$00000011)
    __rt_lib_init_lc_ctype_1                 0x08000215   Thumb Code     0  libinit2.o(.ARM.Collect$$libinit$$00000013)
    __rt_lib_init_lc_monetary_1              0x08000215   Thumb Code     0  libinit2.o(.ARM.Collect$$libinit$$00000015)
    __rt_lib_init_lc_numeric_2               0x08000215   Thumb Code     0  libinit2.o(.ARM.Collect$$libinit$$00000016)
    __rt_lib_init_alloca_1                   0x0800021f   Thumb Code     0  libinit2.o(.ARM.Collect$$libinit$$0000002E)
    __rt_lib_init_argv_1                     0x0800021f   Thumb Code     0  libinit2.o(.ARM.Collect$$libinit$$0000002C)
    __rt_lib_init_atexit_1                   0x0800021f   Thumb Code     0  libinit2.o(.ARM.Collect$$libinit$$0000001B)
    __rt_lib_init_clock_1                    0x0800021f   Thumb Code     0  libinit2.o(.ARM.Collect$$libinit$$00000021)
    __rt_lib_init_cpp_1                      0x0800021f   Thumb Code     0  libinit2.o(.ARM.Collect$$libinit$$00000032)
    __rt_lib_init_exceptions_1               0x0800021f   Thumb Code     0  libinit2.o(.ARM.Collect$$libinit$$00000030)
    __rt_lib_init_fp_trap_1                  0x0800021f   Thumb Code     0  libinit2.o(.ARM.Collect$$libinit$$0000001F)
    __rt_lib_init_getenv_1                   0x0800021f   Thumb Code     0  libinit2.o(.ARM.Collect$$libinit$$00000023)
    __rt_lib_init_lc_numeric_1               0x0800021f   Thumb Code     0  libinit2.o(.ARM.Collect$$libinit$$00000017)
    __rt_lib_init_lc_time_1                  0x0800021f   Thumb Code     0  libinit2.o(.ARM.Collect$$libinit$$00000019)
    __rt_lib_init_return                     0x0800021f   Thumb Code     0  libinit2.o(.ARM.Collect$$libinit$$00000033)
    __rt_lib_init_signal_1                   0x0800021f   Thumb Code     0  libinit2.o(.ARM.Collect$$libinit$$0000001D)
    __rt_lib_init_stdio_1                    0x0800021f   Thumb Code     0  libinit2.o(.ARM.Collect$$libinit$$00000025)
    __rt_lib_shutdown                        0x08000221   Thumb Code     0  libshutdown.o(.ARM.Collect$$libshutdown$$00000000)
    __rt_lib_shutdown_cpp_1                  0x08000223   Thumb Code     0  libshutdown2.o(.ARM.Collect$$libshutdown$$00000002)
    __rt_lib_shutdown_fp_trap_1              0x08000223   Thumb Code     0  libshutdown2.o(.ARM.Collect$$libshutdown$$00000007)
    __rt_lib_shutdown_heap_1                 0x08000223   Thumb Code     0  libshutdown2.o(.ARM.Collect$$libshutdown$$0000000F)
    __rt_lib_shutdown_return                 0x08000223   Thumb Code     0  libshutdown2.o(.ARM.Collect$$libshutdown$$00000010)
    __rt_lib_shutdown_signal_1               0x08000223   Thumb Code     0  libshutdown2.o(.ARM.Collect$$libshutdown$$0000000A)
    __rt_lib_shutdown_stdio_1                0x08000223   Thumb Code     0  libshutdown2.o(.ARM.Collect$$libshutdown$$00000004)
    __rt_lib_shutdown_user_alloc_1           0x08000223   Thumb Code     0  libshutdown2.o(.ARM.Collect$$libshutdown$$0000000C)
    __rt_entry                               0x08000225   Thumb Code     0  __rtentry.o(.ARM.Collect$$rtentry$$00000000)
    __rt_entry_presh_1                       0x08000225   Thumb Code     0  __rtentry2.o(.ARM.Collect$$rtentry$$00000002)
    __rt_entry_sh                            0x08000225   Thumb Code     0  __rtentry4.o(.ARM.Collect$$rtentry$$00000004)
    __rt_entry_li                            0x0800022b   Thumb Code     0  __rtentry2.o(.ARM.Collect$$rtentry$$0000000A)
    __rt_entry_postsh_1                      0x0800022b   Thumb Code     0  __rtentry2.o(.ARM.Collect$$rtentry$$00000009)
    __rt_entry_main                          0x0800022f   Thumb Code     0  __rtentry2.o(.ARM.Collect$$rtentry$$0000000D)
    __rt_entry_postli_1                      0x0800022f   Thumb Code     0  __rtentry2.o(.ARM.Collect$$rtentry$$0000000C)
    __rt_exit                                0x08000237   Thumb Code     0  rtexit.o(.ARM.Collect$$rtexit$$00000000)
    __rt_exit_ls                             0x08000239   Thumb Code     0  rtexit2.o(.ARM.Collect$$rtexit$$00000003)
    __rt_exit_prels_1                        0x08000239   Thumb Code     0  rtexit2.o(.ARM.Collect$$rtexit$$00000002)
    __rt_exit_exit                           0x0800023d   Thumb Code     0  rtexit2.o(.ARM.Collect$$rtexit$$00000004)
    Reset_Handler                            0x08000245   Thumb Code     8  startup_stm32f40_41xxx.o(.text)
    ADC_IRQHandler                           0x0800025f   Thumb Code     0  startup_stm32f40_41xxx.o(.text)
    CAN1_RX0_IRQHandler                      0x0800025f   Thumb Code     0  startup_stm32f40_41xxx.o(.text)
    CAN1_RX1_IRQHandler                      0x0800025f   Thumb Code     0  startup_stm32f40_41xxx.o(.text)
    CAN1_SCE_IRQHandler                      0x0800025f   Thumb Code     0  startup_stm32f40_41xxx.o(.text)
    CAN1_TX_IRQHandler                       0x0800025f   Thumb Code     0  startup_stm32f40_41xxx.o(.text)
    CAN2_RX0_IRQHandler                      0x0800025f   Thumb Code     0  startup_stm32f40_41xxx.o(.text)
    CAN2_RX1_IRQHandler                      0x0800025f   Thumb Code     0  startup_stm32f40_41xxx.o(.text)
    CAN2_SCE_IRQHandler                      0x0800025f   Thumb Code     0  startup_stm32f40_41xxx.o(.text)
    CAN2_TX_IRQHandler                       0x0800025f   Thumb Code     0  startup_stm32f40_41xxx.o(.text)
    CRYP_IRQHandler                          0x0800025f   Thumb Code     0  startup_stm32f40_41xxx.o(.text)
    DCMI_IRQHandler                          0x0800025f   Thumb Code     0  startup_stm32f40_41xxx.o(.text)
    DMA1_Stream0_IRQHandler                  0x0800025f   Thumb Code     0  startup_stm32f40_41xxx.o(.text)
    DMA1_Stream1_IRQHandler                  0x0800025f   Thumb Code     0  startup_stm32f40_41xxx.o(.text)
    DMA1_Stream2_IRQHandler                  0x0800025f   Thumb Code     0  startup_stm32f40_41xxx.o(.text)
    DMA1_Stream3_IRQHandler                  0x0800025f   Thumb Code     0  startup_stm32f40_41xxx.o(.text)
    DMA1_Stream4_IRQHandler                  0x0800025f   Thumb Code     0  startup_stm32f40_41xxx.o(.text)
    DMA1_Stream5_IRQHandler                  0x0800025f   Thumb Code     0  startup_stm32f40_41xxx.o(.text)
    DMA1_Stream6_IRQHandler                  0x0800025f   Thumb Code     0  startup_stm32f40_41xxx.o(.text)
    DMA1_Stream7_IRQHandler                  0x0800025f   Thumb Code     0  startup_stm32f40_41xxx.o(.text)
    DMA2_Stream0_IRQHandler                  0x0800025f   Thumb Code     0  startup_stm32f40_41xxx.o(.text)
    DMA2_Stream1_IRQHandler                  0x0800025f   Thumb Code     0  startup_stm32f40_41xxx.o(.text)
    DMA2_Stream2_IRQHandler                  0x0800025f   Thumb Code     0  startup_stm32f40_41xxx.o(.text)
    DMA2_Stream3_IRQHandler                  0x0800025f   Thumb Code     0  startup_stm32f40_41xxx.o(.text)
    DMA2_Stream4_IRQHandler                  0x0800025f   Thumb Code     0  startup_stm32f40_41xxx.o(.text)
    DMA2_Stream5_IRQHandler                  0x0800025f   Thumb Code     0  startup_stm32f40_41xxx.o(.text)
    DMA2_Stream6_IRQHandler                  0x0800025f   Thumb Code     0  startup_stm32f40_41xxx.o(.text)
    DMA2_Stream7_IRQHandler                  0x0800025f   Thumb Code     0  startup_stm32f40_41xxx.o(.text)
    ETH_IRQHandler                           0x0800025f   Thumb Code     0  startup_stm32f40_41xxx.o(.text)
    ETH_WKUP_IRQHandler                      0x0800025f   Thumb Code     0  startup_stm32f40_41xxx.o(.text)
    EXTI0_IRQHandler                         0x0800025f   Thumb Code     0  startup_stm32f40_41xxx.o(.text)
    EXTI1_IRQHandler                         0x0800025f   Thumb Code     0  startup_stm32f40_41xxx.o(.text)
    EXTI2_IRQHandler                         0x0800025f   Thumb Code     0  startup_stm32f40_41xxx.o(.text)
    EXTI3_IRQHandler                         0x0800025f   Thumb Code     0  startup_stm32f40_41xxx.o(.text)
    EXTI4_IRQHandler                         0x0800025f   Thumb Code     0  startup_stm32f40_41xxx.o(.text)
    FLASH_IRQHandler                         0x0800025f   Thumb Code     0  startup_stm32f40_41xxx.o(.text)
    FPU_IRQHandler                           0x0800025f   Thumb Code     0  startup_stm32f40_41xxx.o(.text)
    FSMC_IRQHandler                          0x0800025f   Thumb Code     0  startup_stm32f40_41xxx.o(.text)
    HASH_RNG_IRQHandler                      0x0800025f   Thumb Code     0  startup_stm32f40_41xxx.o(.text)
    I2C1_ER_IRQHandler                       0x0800025f   Thumb Code     0  startup_stm32f40_41xxx.o(.text)
    I2C1_EV_IRQHandler                       0x0800025f   Thumb Code     0  startup_stm32f40_41xxx.o(.text)
    I2C2_ER_IRQHandler                       0x0800025f   Thumb Code     0  startup_stm32f40_41xxx.o(.text)
    I2C2_EV_IRQHandler                       0x0800025f   Thumb Code     0  startup_stm32f40_41xxx.o(.text)
    I2C3_ER_IRQHandler                       0x0800025f   Thumb Code     0  startup_stm32f40_41xxx.o(.text)
    I2C3_EV_IRQHandler                       0x0800025f   Thumb Code     0  startup_stm32f40_41xxx.o(.text)
    OTG_FS_IRQHandler                        0x0800025f   Thumb Code     0  startup_stm32f40_41xxx.o(.text)
    OTG_FS_WKUP_IRQHandler                   0x0800025f   Thumb Code     0  startup_stm32f40_41xxx.o(.text)
    OTG_HS_EP1_IN_IRQHandler                 0x0800025f   Thumb Code     0  startup_stm32f40_41xxx.o(.text)
    OTG_HS_EP1_OUT_IRQHandler                0x0800025f   Thumb Code     0  startup_stm32f40_41xxx.o(.text)
    OTG_HS_IRQHandler                        0x0800025f   Thumb Code     0  startup_stm32f40_41xxx.o(.text)
    OTG_HS_WKUP_IRQHandler                   0x0800025f   Thumb Code     0  startup_stm32f40_41xxx.o(.text)
    PVD_IRQHandler                           0x0800025f   Thumb Code     0  startup_stm32f40_41xxx.o(.text)
    RCC_IRQHandler                           0x0800025f   Thumb Code     0  startup_stm32f40_41xxx.o(.text)
    RTC_Alarm_IRQHandler                     0x0800025f   Thumb Code     0  startup_stm32f40_41xxx.o(.text)
    RTC_WKUP_IRQHandler                      0x0800025f   Thumb Code     0  startup_stm32f40_41xxx.o(.text)
    SDIO_IRQHandler                          0x0800025f   Thumb Code     0  startup_stm32f40_41xxx.o(.text)
    SPI1_IRQHandler                          0x0800025f   Thumb Code     0  startup_stm32f40_41xxx.o(.text)
    SPI2_IRQHandler                          0x0800025f   Thumb Code     0  startup_stm32f40_41xxx.o(.text)
    SPI3_IRQHandler                          0x0800025f   Thumb Code     0  startup_stm32f40_41xxx.o(.text)
    TAMP_STAMP_IRQHandler                    0x0800025f   Thumb Code     0  startup_stm32f40_41xxx.o(.text)
    TIM1_BRK_TIM9_IRQHandler                 0x0800025f   Thumb Code     0  startup_stm32f40_41xxx.o(.text)
    TIM1_CC_IRQHandler                       0x0800025f   Thumb Code     0  startup_stm32f40_41xxx.o(.text)
    TIM1_TRG_COM_TIM11_IRQHandler            0x0800025f   Thumb Code     0  startup_stm32f40_41xxx.o(.text)
    TIM1_UP_TIM10_IRQHandler                 0x0800025f   Thumb Code     0  startup_stm32f40_41xxx.o(.text)
    TIM2_IRQHandler                          0x0800025f   Thumb Code     0  startup_stm32f40_41xxx.o(.text)
    TIM3_IRQHandler                          0x0800025f   Thumb Code     0  startup_stm32f40_41xxx.o(.text)
    TIM4_IRQHandler                          0x0800025f   Thumb Code     0  startup_stm32f40_41xxx.o(.text)
    TIM5_IRQHandler                          0x0800025f   Thumb Code     0  startup_stm32f40_41xxx.o(.text)
    TIM6_DAC_IRQHandler                      0x0800025f   Thumb Code     0  startup_stm32f40_41xxx.o(.text)
    TIM7_IRQHandler                          0x0800025f   Thumb Code     0  startup_stm32f40_41xxx.o(.text)
    TIM8_BRK_TIM12_IRQHandler                0x0800025f   Thumb Code     0  startup_stm32f40_41xxx.o(.text)
    TIM8_CC_IRQHandler                       0x0800025f   Thumb Code     0  startup_stm32f40_41xxx.o(.text)
    TIM8_TRG_COM_TIM14_IRQHandler            0x0800025f   Thumb Code     0  startup_stm32f40_41xxx.o(.text)
    TIM8_UP_TIM13_IRQHandler                 0x0800025f   Thumb Code     0  startup_stm32f40_41xxx.o(.text)
    UART4_IRQHandler                         0x0800025f   Thumb Code     0  startup_stm32f40_41xxx.o(.text)
    UART5_IRQHandler                         0x0800025f   Thumb Code     0  startup_stm32f40_41xxx.o(.text)
    USART2_IRQHandler                        0x0800025f   Thumb Code     0  startup_stm32f40_41xxx.o(.text)
    USART3_IRQHandler                        0x0800025f   Thumb Code     0  startup_stm32f40_41xxx.o(.text)
    USART6_IRQHandler                        0x0800025f   Thumb Code     0  startup_stm32f40_41xxx.o(.text)
    WWDG_IRQHandler                          0x0800025f   Thumb Code     0  startup_stm32f40_41xxx.o(.text)
    __user_initial_stackheap                 0x08000261   Thumb Code     0  startup_stm32f40_41xxx.o(.text)
    __use_no_semihosting                     0x08000285   Thumb Code     2  use_no_semi_2.o(.text)
    __2printf                                0x08000289   Thumb Code    20  noretval__2printf.o(.text)
    _printf_pre_padding                      0x080002a1   Thumb Code    44  _printf_pad.o(.text)
    _printf_post_padding                     0x080002cd   Thumb Code    34  _printf_pad.o(.text)
    _printf_int_dec                          0x080002f1   Thumb Code   104  _printf_dec.o(.text)
    __printf                                 0x08000369   Thumb Code   270  __printf_wp.o(.text)
    __aeabi_memclr4                          0x08000477   Thumb Code     0  rt_memclr_w.o(.text)
    __aeabi_memclr8                          0x08000477   Thumb Code     0  rt_memclr_w.o(.text)
    __rt_memclr_w                            0x08000477   Thumb Code    78  rt_memclr_w.o(.text)
    _memset_w                                0x0800047b   Thumb Code     0  rt_memclr_w.o(.text)
    __use_two_region_memory                  0x080004c5   Thumb Code     2  heapauxi.o(.text)
    __rt_heap_escrow$2region                 0x080004c7   Thumb Code     2  heapauxi.o(.text)
    __rt_heap_expand$2region                 0x080004c9   Thumb Code     2  heapauxi.o(.text)
    __I$use$semihosting                      0x080004cb   Thumb Code     0  use_no_semi.o(.text)
    __use_no_semihosting_swi                 0x080004cb   Thumb Code     2  use_no_semi.o(.text)
    __read_errno                             0x080004cd   Thumb Code    10  _rserrno.o(.text)
    __set_errno                              0x080004d7   Thumb Code    12  _rserrno.o(.text)
    _printf_int_common                       0x080004e3   Thumb Code   178  _printf_intcommon.o(.text)
    __lib_sel_fp_printf                      0x08000595   Thumb Code     2  _printf_fp_dec.o(.text)
    _printf_fp_dec_real                      0x08000743   Thumb Code   620  _printf_fp_dec.o(.text)
    _printf_char_file                        0x080009b1   Thumb Code    32  _printf_char_file.o(.text)
    __rt_locale                              0x080009d5   Thumb Code     8  rt_locale_intlibspace.o(.text)
    __aeabi_errno_addr                       0x080009dd   Thumb Code     8  rt_errno_addr_intlibspace.o(.text)
    __errno$intlibspace                      0x080009dd   Thumb Code     0  rt_errno_addr_intlibspace.o(.text)
    __rt_errno_addr$intlibspace              0x080009dd   Thumb Code     0  rt_errno_addr_intlibspace.o(.text)
    _ll_udiv10                               0x080009e5   Thumb Code   138  lludiv10.o(.text)
    _printf_char_common                      0x08000a7b   Thumb Code    32  _printf_char_common.o(.text)
    _printf_fp_infnan                        0x08000aa1   Thumb Code   112  _printf_fp_infnan.o(.text)
    _btod_etento                             0x08000b21   Thumb Code   216  bigflt0.o(.text)
    ferror                                   0x08000bfd   Thumb Code     8  ferror.o(.text)
    __user_libspace                          0x08000c05   Thumb Code     8  libspace.o(.text)
    __user_perproc_libspace                  0x08000c05   Thumb Code     0  libspace.o(.text)
    __user_perthread_libspace                0x08000c05   Thumb Code     0  libspace.o(.text)
    __user_setup_stackheap                   0x08000c0d   Thumb Code    74  sys_stackheap_outer.o(.text)
    exit                                     0x08000c57   Thumb Code    18  exit.o(.text)
    strcmp                                   0x08000c69   Thumb Code   128  strcmpv7m.o(.text)
    _btod_d2e                                0x08000ce9   Thumb Code    62  btod.o(CL$$btod_d2e)
    _d2e_denorm_low                          0x08000d27   Thumb Code    70  btod.o(CL$$btod_d2e_denorm_low)
    _d2e_norm_op1                            0x08000d6d   Thumb Code    96  btod.o(CL$$btod_d2e_norm_op1)
    __btod_div_common                        0x08000dcd   Thumb Code   696  btod.o(CL$$btod_div_common)
    _e2e                                     0x08001105   Thumb Code   198  btod.o(CL$$btod_e2e)
    _btod_ediv                               0x080011cb   Thumb Code    40  btod.o(CL$$btod_ediv)
    _btod_emul                               0x080011f3   Thumb Code    40  btod.o(CL$$btod_emul)
    __btod_mult_common                       0x0800121b   Thumb Code   580  btod.o(CL$$btod_mult_common)
    ADC_Cmd                                  0x0800145f   Thumb Code    22  stm32f4xx_adc.o(i.ADC_Cmd)
    ADC_CommonInit                           0x08001475   Thumb Code    34  stm32f4xx_adc.o(i.ADC_CommonInit)
    ADC_GetConversionValue                   0x080014a5   Thumb Code     8  stm32f4xx_adc.o(i.ADC_GetConversionValue)
    ADC_GetFlagStatus                        0x080014ad   Thumb Code    18  stm32f4xx_adc.o(i.ADC_GetFlagStatus)
    ADC_Init                                 0x080014c1   Thumb Code    74  stm32f4xx_adc.o(i.ADC_Init)
    ADC_RegularChannelConfig                 0x08001515   Thumb Code   184  stm32f4xx_adc.o(i.ADC_RegularChannelConfig)
    ADC_SoftwareStartConv                    0x080015cd   Thumb Code    10  stm32f4xx_adc.o(i.ADC_SoftwareStartConv)
    BSP_ADConverter_Get                      0x0800166d   Thumb Code    44  bsp_adconverter.o(i.BSP_ADConverter_Get)
    BSP_ADConverter_Init                     0x0800169d   Thumb Code    12  bsp_adconverter.o(i.BSP_ADConverter_Init)
    BSP_DebugUART_Init                       0x080016f1   Thumb Code    20  bsp_debuguart.o(i.BSP_DebugUART_Init)
    BSP_Delay_Init                           0x08001771   Thumb Code    50  bsp_delay.o(i.BSP_Delay_Init)
    BSP_Delay_ms                             0x080017b5   Thumb Code    56  bsp_delay.o(i.BSP_Delay_ms)
    BSP_ExtInt_Init                          0x080018c1   Thumb Code    16  bsp_extint.o(i.BSP_ExtInt_Init)
    BSP_LEDBuzzer_Init                       0x08001979   Thumb Code     8  bsp_ledbuzzer.o(i.BSP_LEDBuzzer_Init)
    BSP_LEDBuzzer_Off                        0x08001981   Thumb Code    30  bsp_ledbuzzer.o(i.BSP_LEDBuzzer_Off)
    BSP_LEDBuzzer_On                         0x080019a9   Thumb Code    30  bsp_ledbuzzer.o(i.BSP_LEDBuzzer_On)
    BSP_SHT11_CalcuDewPoint                  0x080019d1   Thumb Code   194  bsp_sht11.o(i.BSP_SHT11_CalcuDewPoint)
    BSP_SHT11_Calculate                      0x08001ab1   Thumb Code   228  bsp_sht11.o(i.BSP_SHT11_Calculate)
    BSP_SHT11_ConReset                       0x08001bc1   Thumb Code    64  bsp_sht11.o(i.BSP_SHT11_ConReset)
    BSP_SHT11_DataIn                         0x08001c05   Thumb Code    32  bsp_sht11.o(i.BSP_SHT11_DataIn)
    BSP_SHT11_DataOut                        0x08001c29   Thumb Code    40  bsp_sht11.o(i.BSP_SHT11_DataOut)
    BSP_SHT11_Init                           0x08001c75   Thumb Code    88  bsp_sht11.o(i.BSP_SHT11_Init)
    BSP_SHT11_Measure                        0x08001cd1   Thumb Code   144  bsp_sht11.o(i.BSP_SHT11_Measure)
    BSP_SHT11_ReadByte                       0x08001d69   Thumb Code   120  bsp_sht11.o(i.BSP_SHT11_ReadByte)
    BSP_SHT11_TransStart                     0x08001de5   Thumb Code    96  bsp_sht11.o(i.BSP_SHT11_TransStart)
    BSP_SHT11_WriteByte                      0x08001e49   Thumb Code   114  bsp_sht11.o(i.BSP_SHT11_WriteByte)
    BSP_ServoMotor1_Set                      0x08001ec1   Thumb Code    36  bsp_servomotor.o(i.BSP_ServoMotor1_Set)
    BSP_ServoMotor3_Set                      0x08001eed   Thumb Code    36  bsp_servomotor.o(i.BSP_ServoMotor3_Set)
    BSP_ServoMotor6_Set                      0x08001f19   Thumb Code    36  bsp_servomotor.o(i.BSP_ServoMotor6_Set)
    BSP_ServoMotor_Init                      0x08001fb9   Thumb Code    30  bsp_servomotor.o(i.BSP_ServoMotor_Init)
    BusFault_Handler                         0x08002065   Thumb Code     4  stm32f4xx_it.o(i.BusFault_Handler)
    DebugMon_Handler                         0x08002069   Thumb Code     2  stm32f4xx_it.o(i.DebugMon_Handler)
    EXTI15_10_IRQHandler                     0x0800206d   Thumb Code    86  stm32f4xx_it.o(i.EXTI15_10_IRQHandler)
    EXTI9_5_IRQHandler                       0x080020ed   Thumb Code    30  stm32f4xx_it.o(i.EXTI9_5_IRQHandler)
    EXTI_ClearITPendingBit                   0x08002115   Thumb Code     6  stm32f4xx_exti.o(i.EXTI_ClearITPendingBit)
    EXTI_Init                                0x08002121   Thumb Code   142  stm32f4xx_exti.o(i.EXTI_Init)
    GPIO_Init                                0x080021b5   Thumb Code   144  stm32f4xx_gpio.o(i.GPIO_Init)
    GPIO_PinAFConfig                         0x08002245   Thumb Code    70  stm32f4xx_gpio.o(i.GPIO_PinAFConfig)
    GPIO_ReadInputDataBit                    0x0800228b   Thumb Code    18  stm32f4xx_gpio.o(i.GPIO_ReadInputDataBit)
    GPIO_ResetBits                           0x0800229d   Thumb Code     4  stm32f4xx_gpio.o(i.GPIO_ResetBits)
    GPIO_SetBits                             0x080022a1   Thumb Code     4  stm32f4xx_gpio.o(i.GPIO_SetBits)
    HardFault_Handler                        0x080022a5   Thumb Code     4  stm32f4xx_it.o(i.HardFault_Handler)
    MemManage_Handler                        0x080022a9   Thumb Code     4  stm32f4xx_it.o(i.MemManage_Handler)
    NMI_Handler                              0x080022ad   Thumb Code     2  stm32f4xx_it.o(i.NMI_Handler)
    NVIC_Init                                0x080022b1   Thumb Code   106  misc.o(i.NVIC_Init)
    NVIC_PriorityGroupConfig                 0x08002329   Thumb Code    10  misc.o(i.NVIC_PriorityGroupConfig)
    PendSV_Handler                           0x0800233d   Thumb Code     2  stm32f4xx_it.o(i.PendSV_Handler)
    QueueMemDataInsert                       0x08002341   Thumb Code    60  queue.o(i.QueueMemDataInsert)
    RCC_AHB1PeriphClockCmd                   0x08002381   Thumb Code    26  stm32f4xx_rcc.o(i.RCC_AHB1PeriphClockCmd)
    RCC_APB2PeriphClockCmd                   0x080023a1   Thumb Code    26  stm32f4xx_rcc.o(i.RCC_APB2PeriphClockCmd)
    RCC_APB2PeriphResetCmd                   0x080023c1   Thumb Code    26  stm32f4xx_rcc.o(i.RCC_APB2PeriphResetCmd)
    RCC_GetClocksFreq                        0x080023e1   Thumb Code   214  stm32f4xx_rcc.o(i.RCC_GetClocksFreq)
    SVC_Handler                              0x080024c9   Thumb Code     2  stm32f4xx_it.o(i.SVC_Handler)
    SYSCFG_EXTILineConfig                    0x080024cd   Thumb Code    60  stm32f4xx_syscfg.o(i.SYSCFG_EXTILineConfig)
    SysTick_CLKSourceConfig                  0x080025f9   Thumb Code    40  misc.o(i.SysTick_CLKSourceConfig)
    SysTick_Handler                          0x08002621   Thumb Code     2  stm32f4xx_it.o(i.SysTick_Handler)
    SystemInit                               0x08002625   Thumb Code    74  system_stm32f4xx.o(i.SystemInit)
    TIM_Cmd                                  0x08002681   Thumb Code    24  stm32f4xx_tim.o(i.TIM_Cmd)
    TIM_CtrlPWMOutputs                       0x08002699   Thumb Code    30  stm32f4xx_tim.o(i.TIM_CtrlPWMOutputs)
    TIM_OC1Init                              0x080026b9   Thumb Code   114  stm32f4xx_tim.o(i.TIM_OC1Init)
    TIM_OC2Init                              0x08002735   Thumb Code   154  stm32f4xx_tim.o(i.TIM_OC2Init)
    TIM_OC3Init                              0x080027d9   Thumb Code   150  stm32f4xx_tim.o(i.TIM_OC3Init)
    TIM_SetCompare1                          0x08002879   Thumb Code     4  stm32f4xx_tim.o(i.TIM_SetCompare1)
    TIM_SetCompare2                          0x0800287d   Thumb Code     4  stm32f4xx_tim.o(i.TIM_SetCompare2)
    TIM_SetCompare3                          0x08002881   Thumb Code     4  stm32f4xx_tim.o(i.TIM_SetCompare3)
    TIM_TimeBaseInit                         0x08002885   Thumb Code   104  stm32f4xx_tim.o(i.TIM_TimeBaseInit)
    USART1_IRQHandler                        0x08002909   Thumb Code    30  stm32f4xx_it.o(i.USART1_IRQHandler)
    USART_Cmd                                0x0800292d   Thumb Code    24  stm32f4xx_usart.o(i.USART_Cmd)
    USART_GetITStatus                        0x08002945   Thumb Code    84  stm32f4xx_usart.o(i.USART_GetITStatus)
    USART_ITConfig                           0x08002999   Thumb Code    74  stm32f4xx_usart.o(i.USART_ITConfig)
    USART_Init                               0x080029e5   Thumb Code   204  stm32f4xx_usart.o(i.USART_Init)
    USART_ReceiveData                        0x08002ab9   Thumb Code    10  stm32f4xx_usart.o(i.USART_ReceiveData)
    UsageFault_Handler                       0x08002ac3   Thumb Code     4  stm32f4xx_it.o(i.UsageFault_Handler)
    __ARM_fpclassify                         0x08002ac7   Thumb Code    40  fpclassify.o(i.__ARM_fpclassify)
    __kernel_poly                            0x08002aef   Thumb Code   170  poly.o(i.__kernel_poly)
    __mathlib_dbl_divzero                    0x08002b99   Thumb Code    12  dunder.o(i.__mathlib_dbl_divzero)
    __mathlib_dbl_infnan                     0x08002ba9   Thumb Code     6  dunder.o(i.__mathlib_dbl_infnan)
    __mathlib_dbl_invalid                    0x08002baf   Thumb Code    12  dunder.o(i.__mathlib_dbl_invalid)
    _is_digit                                0x08002bbb   Thumb Code    14  __printf_wp.o(i._is_digit)
    _sys_exit                                0x08002bc9   Thumb Code     4  bsp_debuguart.o(i._sys_exit)
    fputc                                    0x08002bcd   Thumb Code    24  bsp_debuguart.o(i.fputc)
    log                                      0x08002be9   Thumb Code   808  log.o(i.log)
    log10                                    0x08002f45   Thumb Code   198  log10.o(i.log10)
    main                                     0x08003029   Thumb Code   408  main.o(i.main)
    _get_lc_numeric                          0x08003259   Thumb Code    44  lc_numeric_c.o(locale$$code)
    __aeabi_d2f                              0x08003285   Thumb Code     0  d2f.o(x$fpl$d2f)
    _d2f                                     0x08003285   Thumb Code    98  d2f.o(x$fpl$d2f)
    __aeabi_dadd                             0x080032e9   Thumb Code     0  daddsub_clz.o(x$fpl$dadd)
    _dadd                                    0x080032e9   Thumb Code   332  daddsub_clz.o(x$fpl$dadd)
    __fpl_dcheck_NaN1                        0x08003439   Thumb Code    10  dcheck1.o(x$fpl$dcheck1)
    __fpl_dcmp_Inf                           0x08003449   Thumb Code    24  dcmpi.o(x$fpl$dcmpinf)
    __aeabi_ddiv                             0x08003461   Thumb Code     0  ddiv.o(x$fpl$ddiv)
    _ddiv                                    0x08003461   Thumb Code   552  ddiv.o(x$fpl$ddiv)
    __aeabi_cdcmpeq                          0x08003711   Thumb Code     0  deqf.o(x$fpl$deqf)
    _dcmpeq                                  0x08003711   Thumb Code   120  deqf.o(x$fpl$deqf)
    __aeabi_i2d                              0x08003789   Thumb Code     0  dflt_clz.o(x$fpl$dflt)
    _dflt                                    0x08003789   Thumb Code    46  dflt_clz.o(x$fpl$dflt)
    __aeabi_cdcmple                          0x080037b9   Thumb Code     0  dleqf.o(x$fpl$dleqf)
    _dcmple                                  0x080037b9   Thumb Code   120  dleqf.o(x$fpl$dleqf)
    __fpl_dcmple_InfNaN                      0x0800381b   Thumb Code     0  dleqf.o(x$fpl$dleqf)
    __aeabi_dmul                             0x08003831   Thumb Code     0  dmul.o(x$fpl$dmul)
    _dmul                                    0x08003831   Thumb Code   332  dmul.o(x$fpl$dmul)
    __fpl_dnaninf                            0x08003985   Thumb Code   156  dnaninf.o(x$fpl$dnaninf)
    __fpl_dretinf                            0x08003a21   Thumb Code    12  dretinf.o(x$fpl$dretinf)
    __aeabi_drsub                            0x08003a2d   Thumb Code     0  daddsub_clz.o(x$fpl$drsb)
    _drsb                                    0x08003a2d   Thumb Code    22  daddsub_clz.o(x$fpl$drsb)
    __aeabi_dsub                             0x08003a45   Thumb Code     0  daddsub_clz.o(x$fpl$dsub)
    _dsub                                    0x08003a45   Thumb Code   464  daddsub_clz.o(x$fpl$dsub)
    __aeabi_f2d                              0x08003c19   Thumb Code     0  f2d.o(x$fpl$f2d)
    _f2d                                     0x08003c19   Thumb Code    86  f2d.o(x$fpl$f2d)
    __aeabi_fadd                             0x08003c71   Thumb Code     0  faddsub_clz.o(x$fpl$fadd)
    _fadd                                    0x08003c71   Thumb Code   196  faddsub_clz.o(x$fpl$fadd)
    __fpl_fcmp_Inf                           0x08003d35   Thumb Code    24  fcmpi.o(x$fpl$fcmpinf)
    __aeabi_ui2f                             0x08003d4d   Thumb Code     0  fflt_clz.o(x$fpl$ffltu)
    _ffltu                                   0x08003d4d   Thumb Code    38  fflt_clz.o(x$fpl$ffltu)
    __aeabi_cfcmple                          0x08003d75   Thumb Code     0  fleqf.o(x$fpl$fleqf)
    _fcmple                                  0x08003d75   Thumb Code   104  fleqf.o(x$fpl$fleqf)
    __fpl_fcmple_InfNaN                      0x08003dc7   Thumb Code     0  fleqf.o(x$fpl$fleqf)
    __aeabi_fmul                             0x08003ddd   Thumb Code     0  fmul.o(x$fpl$fmul)
    _fmul                                    0x08003ddd   Thumb Code   258  fmul.o(x$fpl$fmul)
    __fpl_fnaninf                            0x08003edf   Thumb Code   140  fnaninf.o(x$fpl$fnaninf)
    __fpl_fretinf                            0x08003f6b   Thumb Code    10  fretinf.o(x$fpl$fretinf)
    __aeabi_cfrcmple                         0x08003f75   Thumb Code     0  frleqf.o(x$fpl$frleqf)
    _frcmple                                 0x08003f75   Thumb Code    98  frleqf.o(x$fpl$frleqf)
    __aeabi_fsub                             0x08003fd9   Thumb Code     0  faddsub_clz.o(x$fpl$fsub)
    _fsub                                    0x08003fd9   Thumb Code   234  faddsub_clz.o(x$fpl$fsub)
    _printf_fp_dec                           0x080040c3   Thumb Code     4  printf1.o(x$fpl$printf1)
    __fpl_return_NaN                         0x080040c7   Thumb Code   100  retnan.o(x$fpl$retnan)
    __ARM_scalbn                             0x0800412b   Thumb Code    92  scalbn.o(x$fpl$scalbn)
    __fpl_cmpreturn                          0x08004187   Thumb Code    48  trapv.o(x$fpl$trapveneer)
    __I$use$fp                               0x080041b6   Number         0  usenofp.o(x$fpl$usenofp)
    __mathlib_zero                           0x08004288   Data           8  qnan.o(.constdata)
    Region$$Table$$Base                      0x08004290   Number         0  anon$$obj.o(Region$$Table)
    Region$$Table$$Limit                     0x080042b0   Number         0  anon$$obj.o(Region$$Table)
    __stdout                                 0x20000000   Data           4  bsp_debuguart.o(.data)
    SystemCoreClock                          0x20000008   Data           4  system_stm32f4xx.o(.data)
    AHBPrescTable                            0x2000000c   Data          16  system_stm32f4xx.o(.data)
    Queue_Recv                               0x2000002c   Data        1030  queue.o(.bss)
    __libspace_start                         0x20000434   Data          96  libspace.o(.bss)
    __temporary_stack_top$libspace           0x20000494   Data           0  libspace.o(.bss)



==============================================================================

Memory Map of the image

  Image Entry point : 0x08000189

  Load Region LR_IROM1 (Base: 0x08000000, Size: 0x000042f8, Max: 0x00100000, ABSOLUTE)

    Execution Region ER_IROM1 (Base: 0x08000000, Size: 0x000042cc, Max: 0x00100000, ABSOLUTE)

    Base Addr    Size         Type   Attr      Idx    E Section Name        Object

    0x08000000   0x00000188   Data   RO          766    RESET               startup_stm32f40_41xxx.o
    0x08000188   0x00000008   Code   RO         5579  * !!!main             c_w.l(__main.o)
    0x08000190   0x00000034   Code   RO         5901    !!!scatter          c_w.l(__scatter.o)
    0x080001c4   0x0000001a   Code   RO         5903    !!handler_copy      c_w.l(__scatter_copy.o)
    0x080001de   0x00000002   PAD
    0x080001e0   0x0000001c   Code   RO         5905    !!handler_zi        c_w.l(__scatter_zi.o)
    0x080001fc   0x00000000   Code   RO         5574    .ARM.Collect$$_printf_percent$$00000000  c_w.l(_printf_percent.o)
    0x080001fc   0x00000006   Code   RO         5573    .ARM.Collect$$_printf_percent$$00000003  c_w.l(_printf_f.o)
    0x08000202   0x00000006   Code   RO         5572    .ARM.Collect$$_printf_percent$$00000009  c_w.l(_printf_d.o)
    0x08000208   0x00000004   Code   RO         5636    .ARM.Collect$$_printf_percent$$00000017  c_w.l(_printf_percent_end.o)
    0x0800020c   0x00000002   Code   RO         5774    .ARM.Collect$$libinit$$00000000  c_w.l(libinit.o)
    0x0800020e   0x00000000   Code   RO         5776    .ARM.Collect$$libinit$$00000002  c_w.l(libinit2.o)
    0x0800020e   0x00000000   Code   RO         5778    .ARM.Collect$$libinit$$00000004  c_w.l(libinit2.o)
    0x0800020e   0x00000000   Code   RO         5781    .ARM.Collect$$libinit$$0000000A  c_w.l(libinit2.o)
    0x0800020e   0x00000000   Code   RO         5783    .ARM.Collect$$libinit$$0000000C  c_w.l(libinit2.o)
    0x0800020e   0x00000000   Code   RO         5785    .ARM.Collect$$libinit$$0000000E  c_w.l(libinit2.o)
    0x0800020e   0x00000006   Code   RO         5786    .ARM.Collect$$libinit$$0000000F  c_w.l(libinit2.o)
    0x08000214   0x00000000   Code   RO         5788    .ARM.Collect$$libinit$$00000011  c_w.l(libinit2.o)
    0x08000214   0x00000000   Code   RO         5790    .ARM.Collect$$libinit$$00000013  c_w.l(libinit2.o)
    0x08000214   0x00000000   Code   RO         5792    .ARM.Collect$$libinit$$00000015  c_w.l(libinit2.o)
    0x08000214   0x0000000a   Code   RO         5793    .ARM.Collect$$libinit$$00000016  c_w.l(libinit2.o)
    0x0800021e   0x00000000   Code   RO         5794    .ARM.Collect$$libinit$$00000017  c_w.l(libinit2.o)
    0x0800021e   0x00000000   Code   RO         5796    .ARM.Collect$$libinit$$00000019  c_w.l(libinit2.o)
    0x0800021e   0x00000000   Code   RO         5798    .ARM.Collect$$libinit$$0000001B  c_w.l(libinit2.o)
    0x0800021e   0x00000000   Code   RO         5800    .ARM.Collect$$libinit$$0000001D  c_w.l(libinit2.o)
    0x0800021e   0x00000000   Code   RO         5802    .ARM.Collect$$libinit$$0000001F  c_w.l(libinit2.o)
    0x0800021e   0x00000000   Code   RO         5804    .ARM.Collect$$libinit$$00000021  c_w.l(libinit2.o)
    0x0800021e   0x00000000   Code   RO         5806    .ARM.Collect$$libinit$$00000023  c_w.l(libinit2.o)
    0x0800021e   0x00000000   Code   RO         5808    .ARM.Collect$$libinit$$00000025  c_w.l(libinit2.o)
    0x0800021e   0x00000000   Code   RO         5812    .ARM.Collect$$libinit$$0000002C  c_w.l(libinit2.o)
    0x0800021e   0x00000000   Code   RO         5814    .ARM.Collect$$libinit$$0000002E  c_w.l(libinit2.o)
    0x0800021e   0x00000000   Code   RO         5816    .ARM.Collect$$libinit$$00000030  c_w.l(libinit2.o)
    0x0800021e   0x00000000   Code   RO         5818    .ARM.Collect$$libinit$$00000032  c_w.l(libinit2.o)
    0x0800021e   0x00000002   Code   RO         5819    .ARM.Collect$$libinit$$00000033  c_w.l(libinit2.o)
    0x08000220   0x00000002   Code   RO         5851    .ARM.Collect$$libshutdown$$00000000  c_w.l(libshutdown.o)
    0x08000222   0x00000000   Code   RO         5860    .ARM.Collect$$libshutdown$$00000002  c_w.l(libshutdown2.o)
    0x08000222   0x00000000   Code   RO         5862    .ARM.Collect$$libshutdown$$00000004  c_w.l(libshutdown2.o)
    0x08000222   0x00000000   Code   RO         5865    .ARM.Collect$$libshutdown$$00000007  c_w.l(libshutdown2.o)
    0x08000222   0x00000000   Code   RO         5868    .ARM.Collect$$libshutdown$$0000000A  c_w.l(libshutdown2.o)
    0x08000222   0x00000000   Code   RO         5870    .ARM.Collect$$libshutdown$$0000000C  c_w.l(libshutdown2.o)
    0x08000222   0x00000000   Code   RO         5873    .ARM.Collect$$libshutdown$$0000000F  c_w.l(libshutdown2.o)
    0x08000222   0x00000002   Code   RO         5874    .ARM.Collect$$libshutdown$$00000010  c_w.l(libshutdown2.o)
    0x08000224   0x00000000   Code   RO         5627    .ARM.Collect$$rtentry$$00000000  c_w.l(__rtentry.o)
    0x08000224   0x00000000   Code   RO         5683    .ARM.Collect$$rtentry$$00000002  c_w.l(__rtentry2.o)
    0x08000224   0x00000006   Code   RO         5695    .ARM.Collect$$rtentry$$00000004  c_w.l(__rtentry4.o)
    0x0800022a   0x00000000   Code   RO         5685    .ARM.Collect$$rtentry$$00000009  c_w.l(__rtentry2.o)
    0x0800022a   0x00000004   Code   RO         5686    .ARM.Collect$$rtentry$$0000000A  c_w.l(__rtentry2.o)
    0x0800022e   0x00000000   Code   RO         5688    .ARM.Collect$$rtentry$$0000000C  c_w.l(__rtentry2.o)
    0x0800022e   0x00000008   Code   RO         5689    .ARM.Collect$$rtentry$$0000000D  c_w.l(__rtentry2.o)
    0x08000236   0x00000002   Code   RO         5822    .ARM.Collect$$rtexit$$00000000  c_w.l(rtexit.o)
    0x08000238   0x00000000   Code   RO         5831    .ARM.Collect$$rtexit$$00000002  c_w.l(rtexit2.o)
    0x08000238   0x00000004   Code   RO         5832    .ARM.Collect$$rtexit$$00000003  c_w.l(rtexit2.o)
    0x0800023c   0x00000006   Code   RO         5833    .ARM.Collect$$rtexit$$00000004  c_w.l(rtexit2.o)
    0x08000242   0x00000002   PAD
    0x08000244   0x00000040   Code   RO          767    .text               startup_stm32f40_41xxx.o
    0x08000284   0x00000002   Code   RO         5540    .text               c_w.l(use_no_semi_2.o)
    0x08000286   0x00000002   PAD
    0x08000288   0x00000018   Code   RO         5544    .text               c_w.l(noretval__2printf.o)
    0x080002a0   0x0000004e   Code   RO         5548    .text               c_w.l(_printf_pad.o)
    0x080002ee   0x00000002   PAD
    0x080002f0   0x00000078   Code   RO         5550    .text               c_w.l(_printf_dec.o)
    0x08000368   0x0000010e   Code   RO         5560    .text               c_w.l(__printf_wp.o)
    0x08000476   0x0000004e   Code   RO         5575    .text               c_w.l(rt_memclr_w.o)
    0x080004c4   0x00000006   Code   RO         5577    .text               c_w.l(heapauxi.o)
    0x080004ca   0x00000002   Code   RO         5625    .text               c_w.l(use_no_semi.o)
    0x080004cc   0x00000016   Code   RO         5628    .text               c_w.l(_rserrno.o)
    0x080004e2   0x000000b2   Code   RO         5630    .text               c_w.l(_printf_intcommon.o)
    0x08000594   0x0000041a   Code   RO         5632    .text               c_w.l(_printf_fp_dec.o)
    0x080009ae   0x00000002   PAD
    0x080009b0   0x00000024   Code   RO         5634    .text               c_w.l(_printf_char_file.o)
    0x080009d4   0x00000008   Code   RO         5700    .text               c_w.l(rt_locale_intlibspace.o)
    0x080009dc   0x00000008   Code   RO         5705    .text               c_w.l(rt_errno_addr_intlibspace.o)
    0x080009e4   0x0000008a   Code   RO         5707    .text               c_w.l(lludiv10.o)
    0x08000a6e   0x00000002   PAD
    0x08000a70   0x00000030   Code   RO         5709    .text               c_w.l(_printf_char_common.o)
    0x08000aa0   0x00000080   Code   RO         5711    .text               c_w.l(_printf_fp_infnan.o)
    0x08000b20   0x000000dc   Code   RO         5713    .text               c_w.l(bigflt0.o)
    0x08000bfc   0x00000008   Code   RO         5738    .text               c_w.l(ferror.o)
    0x08000c04   0x00000008   Code   RO         5758    .text               c_w.l(libspace.o)
    0x08000c0c   0x0000004a   Code   RO         5761    .text               c_w.l(sys_stackheap_outer.o)
    0x08000c56   0x00000012   Code   RO         5765    .text               c_w.l(exit.o)
    0x08000c68   0x00000080   Code   RO         5767    .text               c_w.l(strcmpv7m.o)
    0x08000ce8   0x0000003e   Code   RO         5716    CL$$btod_d2e        c_w.l(btod.o)
    0x08000d26   0x00000046   Code   RO         5718    CL$$btod_d2e_denorm_low  c_w.l(btod.o)
    0x08000d6c   0x00000060   Code   RO         5717    CL$$btod_d2e_norm_op1  c_w.l(btod.o)
    0x08000dcc   0x00000338   Code   RO         5726    CL$$btod_div_common  c_w.l(btod.o)
    0x08001104   0x000000c6   Code   RO         5723    CL$$btod_e2e        c_w.l(btod.o)
    0x080011ca   0x00000028   Code   RO         5720    CL$$btod_ediv       c_w.l(btod.o)
    0x080011f2   0x00000028   Code   RO         5719    CL$$btod_emul       c_w.l(btod.o)
    0x0800121a   0x00000244   Code   RO         5725    CL$$btod_mult_common  c_w.l(btod.o)
    0x0800145e   0x00000016   Code   RO          860    i.ADC_Cmd           stm32f4xx_adc.o
    0x08001474   0x00000030   Code   RO          861    i.ADC_CommonInit    stm32f4xx_adc.o
    0x080014a4   0x00000008   Code   RO          872    i.ADC_GetConversionValue  stm32f4xx_adc.o
    0x080014ac   0x00000012   Code   RO          873    i.ADC_GetFlagStatus  stm32f4xx_adc.o
    0x080014be   0x00000002   PAD
    0x080014c0   0x00000054   Code   RO          880    i.ADC_Init          stm32f4xx_adc.o
    0x08001514   0x000000b8   Code   RO          885    i.ADC_RegularChannelConfig  stm32f4xx_adc.o
    0x080015cc   0x0000000a   Code   RO          887    i.ADC_SoftwareStartConv  stm32f4xx_adc.o
    0x080015d6   0x00000002   PAD
    0x080015d8   0x00000060   Code   RO          604    i.BSP_ADConverter_ADC_Init  bsp_adconverter.o
    0x08001638   0x00000034   Code   RO          605    i.BSP_ADConverter_GPIO_Init  bsp_adconverter.o
    0x0800166c   0x00000030   Code   RO          606    i.BSP_ADConverter_Get  bsp_adconverter.o
    0x0800169c   0x0000000c   Code   RO          607    i.BSP_ADConverter_Init  bsp_adconverter.o
    0x080016a8   0x00000048   Code   RO          404    i.BSP_DebugUART_GPIO_Init  bsp_debuguart.o
    0x080016f0   0x00000014   Code   RO          405    i.BSP_DebugUART_Init  bsp_debuguart.o
    0x08001704   0x00000022   Code   RO          406    i.BSP_DebugUART_NVIC_Init  bsp_debuguart.o
    0x08001726   0x00000002   PAD
    0x08001728   0x00000048   Code   RO          407    i.BSP_DebugUART_USART_Init  bsp_debuguart.o
    0x08001770   0x00000044   Code   RO          464    i.BSP_Delay_Init    bsp_delay.o
    0x080017b4   0x00000038   Code   RO          465    i.BSP_Delay_ms      bsp_delay.o
    0x080017ec   0x0000004c   Code   RO          467    i.BSP_Delay_xms     bsp_delay.o
    0x08001838   0x00000046   Code   RO          640    i.BSP_ExtInt_EXTI_Init  bsp_extint.o
    0x0800187e   0x00000002   PAD
    0x08001880   0x00000040   Code   RO          641    i.BSP_ExtInt_GPIO_Init  bsp_extint.o
    0x080018c0   0x00000010   Code   RO          642    i.BSP_ExtInt_Init   bsp_extint.o
    0x080018d0   0x00000040   Code   RO          643    i.BSP_ExtInt_NVIC_Init  bsp_extint.o
    0x08001910   0x00000068   Code   RO          675    i.BSP_LEDBuzzer_GPIO_Init  bsp_ledbuzzer.o
    0x08001978   0x00000008   Code   RO          676    i.BSP_LEDBuzzer_Init  bsp_ledbuzzer.o
    0x08001980   0x00000028   Code   RO          677    i.BSP_LEDBuzzer_Off  bsp_ledbuzzer.o
    0x080019a8   0x00000028   Code   RO          678    i.BSP_LEDBuzzer_On  bsp_ledbuzzer.o
    0x080019d0   0x000000e0   Code   RO          503    i.BSP_SHT11_CalcuDewPoint  bsp_sht11.o
    0x08001ab0   0x00000110   Code   RO          504    i.BSP_SHT11_Calculate  bsp_sht11.o
    0x08001bc0   0x00000044   Code   RO          505    i.BSP_SHT11_ConReset  bsp_sht11.o
    0x08001c04   0x00000024   Code   RO          506    i.BSP_SHT11_DataIn  bsp_sht11.o
    0x08001c28   0x0000002c   Code   RO          507    i.BSP_SHT11_DataOut  bsp_sht11.o
    0x08001c54   0x0000001e   Code   RO          508    i.BSP_SHT11_Dly     bsp_sht11.o
    0x08001c72   0x00000002   PAD
    0x08001c74   0x0000005c   Code   RO          509    i.BSP_SHT11_Init    bsp_sht11.o
    0x08001cd0   0x00000098   Code   RO          510    i.BSP_SHT11_Measure  bsp_sht11.o
    0x08001d68   0x0000007c   Code   RO          511    i.BSP_SHT11_ReadByte  bsp_sht11.o
    0x08001de4   0x00000064   Code   RO          514    i.BSP_SHT11_TransStart  bsp_sht11.o
    0x08001e48   0x00000078   Code   RO          515    i.BSP_SHT11_WriteByte  bsp_sht11.o
    0x08001ec0   0x0000002c   Code   RO          718    i.BSP_ServoMotor1_Set  bsp_servomotor.o
    0x08001eec   0x0000002c   Code   RO          719    i.BSP_ServoMotor3_Set  bsp_servomotor.o
    0x08001f18   0x0000002c   Code   RO          720    i.BSP_ServoMotor6_Set  bsp_servomotor.o
    0x08001f44   0x00000074   Code   RO          721    i.BSP_ServoMotor_GPIO_Init  bsp_servomotor.o
    0x08001fb8   0x0000001e   Code   RO          722    i.BSP_ServoMotor_Init  bsp_servomotor.o
    0x08001fd6   0x00000002   PAD
    0x08001fd8   0x0000008c   Code   RO          723    i.BSP_ServoMotor_TIM1_Init  bsp_servomotor.o
    0x08002064   0x00000004   Code   RO          174    i.BusFault_Handler  stm32f4xx_it.o
    0x08002068   0x00000002   Code   RO          175    i.DebugMon_Handler  stm32f4xx_it.o
    0x0800206a   0x00000002   PAD
    0x0800206c   0x00000080   Code   RO          176    i.EXTI15_10_IRQHandler  stm32f4xx_it.o
    0x080020ec   0x00000028   Code   RO          177    i.EXTI9_5_IRQHandler  stm32f4xx_it.o
    0x08002114   0x0000000c   Code   RO         2057    i.EXTI_ClearITPendingBit  stm32f4xx_exti.o
    0x08002120   0x00000094   Code   RO         2062    i.EXTI_Init         stm32f4xx_exti.o
    0x080021b4   0x00000090   Code   RO         2533    i.GPIO_Init         stm32f4xx_gpio.o
    0x08002244   0x00000046   Code   RO         2534    i.GPIO_PinAFConfig  stm32f4xx_gpio.o
    0x0800228a   0x00000012   Code   RO         2537    i.GPIO_ReadInputDataBit  stm32f4xx_gpio.o
    0x0800229c   0x00000004   Code   RO         2540    i.GPIO_ResetBits    stm32f4xx_gpio.o
    0x080022a0   0x00000004   Code   RO         2541    i.GPIO_SetBits      stm32f4xx_gpio.o
    0x080022a4   0x00000004   Code   RO          178    i.HardFault_Handler  stm32f4xx_it.o
    0x080022a8   0x00000004   Code   RO          179    i.MemManage_Handler  stm32f4xx_it.o
    0x080022ac   0x00000002   Code   RO          180    i.NMI_Handler       stm32f4xx_it.o
    0x080022ae   0x00000002   PAD
    0x080022b0   0x00000078   Code   RO          810    i.NVIC_Init         misc.o
    0x08002328   0x00000014   Code   RO          811    i.NVIC_PriorityGroupConfig  misc.o
    0x0800233c   0x00000002   Code   RO          181    i.PendSV_Handler    stm32f4xx_it.o
    0x0800233e   0x00000002   PAD
    0x08002340   0x00000040   Code   RO          264    i.QueueMemDataInsert  queue.o
    0x08002380   0x00000020   Code   RO         3397    i.RCC_AHB1PeriphClockCmd  stm32f4xx_rcc.o
    0x080023a0   0x00000020   Code   RO         3409    i.RCC_APB2PeriphClockCmd  stm32f4xx_rcc.o
    0x080023c0   0x00000020   Code   RO         3411    i.RCC_APB2PeriphResetCmd  stm32f4xx_rcc.o
    0x080023e0   0x000000e8   Code   RO         3418    i.RCC_GetClocksFreq  stm32f4xx_rcc.o
    0x080024c8   0x00000002   Code   RO          182    i.SVC_Handler       stm32f4xx_it.o
    0x080024ca   0x00000002   PAD
    0x080024cc   0x00000040   Code   RO         4675    i.SYSCFG_EXTILineConfig  stm32f4xx_syscfg.o
    0x0800250c   0x000000ec   Code   RO          773    i.SetSysClock       system_stm32f4xx.o
    0x080025f8   0x00000028   Code   RO          814    i.SysTick_CLKSourceConfig  misc.o
    0x08002620   0x00000002   Code   RO          183    i.SysTick_Handler   stm32f4xx_it.o
    0x08002622   0x00000002   PAD
    0x08002624   0x0000005c   Code   RO          775    i.SystemInit        system_stm32f4xx.o
    0x08002680   0x00000018   Code   RO         4744    i.TIM_Cmd           stm32f4xx_tim.o
    0x08002698   0x0000001e   Code   RO         4746    i.TIM_CtrlPWMOutputs  stm32f4xx_tim.o
    0x080026b6   0x00000002   PAD
    0x080026b8   0x0000007c   Code   RO         4773    i.TIM_OC1Init       stm32f4xx_tim.o
    0x08002734   0x000000a4   Code   RO         4778    i.TIM_OC2Init       stm32f4xx_tim.o
    0x080027d8   0x000000a0   Code   RO         4783    i.TIM_OC3Init       stm32f4xx_tim.o
    0x08002878   0x00000004   Code   RO         4806    i.TIM_SetCompare1   stm32f4xx_tim.o
    0x0800287c   0x00000004   Code   RO         4807    i.TIM_SetCompare2   stm32f4xx_tim.o
    0x08002880   0x00000004   Code   RO         4808    i.TIM_SetCompare3   stm32f4xx_tim.o
    0x08002884   0x00000084   Code   RO         4816    i.TIM_TimeBaseInit  stm32f4xx_tim.o
    0x08002908   0x00000024   Code   RO          184    i.USART1_IRQHandler  stm32f4xx_it.o
    0x0800292c   0x00000018   Code   RO         5294    i.USART_Cmd         stm32f4xx_usart.o
    0x08002944   0x00000054   Code   RO         5298    i.USART_GetITStatus  stm32f4xx_usart.o
    0x08002998   0x0000004a   Code   RO         5300    i.USART_ITConfig    stm32f4xx_usart.o
    0x080029e2   0x00000002   PAD
    0x080029e4   0x000000d4   Code   RO         5301    i.USART_Init        stm32f4xx_usart.o
    0x08002ab8   0x0000000a   Code   RO         5308    i.USART_ReceiveData  stm32f4xx_usart.o
    0x08002ac2   0x00000004   Code   RO          185    i.UsageFault_Handler  stm32f4xx_it.o
    0x08002ac6   0x00000028   Code   RO         5753    i.__ARM_fpclassify  m_ws.l(fpclassify.o)
    0x08002aee   0x000000aa   Code   RO         5755    i.__kernel_poly     m_ws.l(poly.o)
    0x08002b98   0x00000010   Code   RO         5658    i.__mathlib_dbl_divzero  m_ws.l(dunder.o)
    0x08002ba8   0x00000006   Code   RO         5659    i.__mathlib_dbl_infnan  m_ws.l(dunder.o)
    0x08002bae   0x0000000c   Code   RO         5661    i.__mathlib_dbl_invalid  m_ws.l(dunder.o)
    0x08002bba   0x0000000e   Code   RO         5562    i._is_digit         c_w.l(__printf_wp.o)
    0x08002bc8   0x00000004   Code   RO          409    i._sys_exit         bsp_debuguart.o
    0x08002bcc   0x0000001c   Code   RO          410    i.fputc             bsp_debuguart.o
    0x08002be8   0x0000035c   Code   RO         5673    i.log               m_ws.l(log.o)
    0x08002f44   0x000000e4   Code   RO         5618    i.log10             m_ws.l(log10.o)
    0x08003028   0x00000230   Code   RO            3    i.main              main.o
    0x08003258   0x0000002c   Code   RO         5743    locale$$code        c_w.l(lc_numeric_c.o)
    0x08003284   0x00000062   Code   RO         5581    x$fpl$d2f           fz_ws.l(d2f.o)
    0x080032e6   0x00000002   PAD
    0x080032e8   0x00000150   Code   RO         5583    x$fpl$dadd          fz_ws.l(daddsub_clz.o)
    0x08003438   0x00000010   Code   RO         5745    x$fpl$dcheck1       fz_ws.l(dcheck1.o)
    0x08003448   0x00000018   Code   RO         5637    x$fpl$dcmpinf       fz_ws.l(dcmpi.o)
    0x08003460   0x000002b0   Code   RO         5590    x$fpl$ddiv          fz_ws.l(ddiv.o)
    0x08003710   0x00000078   Code   RO         5747    x$fpl$deqf          fz_ws.l(deqf.o)
    0x08003788   0x0000002e   Code   RO         5640    x$fpl$dflt          fz_ws.l(dflt_clz.o)
    0x080037b6   0x00000002   PAD
    0x080037b8   0x00000078   Code   RO         5593    x$fpl$dleqf         fz_ws.l(dleqf.o)
    0x08003830   0x00000154   Code   RO         5595    x$fpl$dmul          fz_ws.l(dmul.o)
    0x08003984   0x0000009c   Code   RO         5645    x$fpl$dnaninf       fz_ws.l(dnaninf.o)
    0x08003a20   0x0000000c   Code   RO         5647    x$fpl$dretinf       fz_ws.l(dretinf.o)
    0x08003a2c   0x00000016   Code   RO         5584    x$fpl$drsb          fz_ws.l(daddsub_clz.o)
    0x08003a42   0x00000002   PAD
    0x08003a44   0x000001d4   Code   RO         5585    x$fpl$dsub          fz_ws.l(daddsub_clz.o)
    0x08003c18   0x00000056   Code   RO         5597    x$fpl$f2d           fz_ws.l(f2d.o)
    0x08003c6e   0x00000002   PAD
    0x08003c70   0x000000c4   Code   RO         5599    x$fpl$fadd          fz_ws.l(faddsub_clz.o)
    0x08003d34   0x00000018   Code   RO         5749    x$fpl$fcmpinf       fz_ws.l(fcmpi.o)
    0x08003d4c   0x00000026   Code   RO         5605    x$fpl$ffltu         fz_ws.l(fflt_clz.o)
    0x08003d72   0x00000002   PAD
    0x08003d74   0x00000068   Code   RO         5649    x$fpl$fleqf         fz_ws.l(fleqf.o)
    0x08003ddc   0x00000102   Code   RO         5611    x$fpl$fmul          fz_ws.l(fmul.o)
    0x08003ede   0x0000008c   Code   RO         5651    x$fpl$fnaninf       fz_ws.l(fnaninf.o)
    0x08003f6a   0x0000000a   Code   RO         5653    x$fpl$fretinf       fz_ws.l(fretinf.o)
    0x08003f74   0x00000062   Code   RO         5613    x$fpl$frleqf        fz_ws.l(frleqf.o)
    0x08003fd6   0x00000002   PAD
    0x08003fd8   0x000000ea   Code   RO         5601    x$fpl$fsub          fz_ws.l(faddsub_clz.o)
    0x080040c2   0x00000004   Code   RO         5615    x$fpl$printf1       fz_ws.l(printf1.o)
    0x080040c6   0x00000064   Code   RO         5820    x$fpl$retnan        fz_ws.l(retnan.o)
    0x0800412a   0x0000005c   Code   RO         5655    x$fpl$scalbn        fz_ws.l(scalbn.o)
    0x08004186   0x00000030   Code   RO         5828    x$fpl$trapveneer    fz_ws.l(trapv.o)
    0x080041b6   0x00000000   Code   RO         5657    x$fpl$usenofp       fz_ws.l(usenofp.o)
    0x080041b6   0x00000002   PAD
    0x080041b8   0x00000038   Data   RO         5674    .constdata          m_ws.l(log.o)
    0x080041f0   0x00000094   Data   RO         5714    .constdata          c_w.l(bigflt0.o)
    0x08004284   0x00000004   PAD
    0x08004288   0x00000008   Data   RO         5757    .constdata          m_ws.l(qnan.o)
    0x08004290   0x00000020   Data   RO         5899    Region$$Table       anon$$obj.o
    0x080042b0   0x0000001c   Data   RO         5742    locale$$data        c_w.l(lc_numeric_c.o)


    Execution Region RW_IRAM1 (Base: 0x20000000, Size: 0x00000a98, Max: 0x00020000, ABSOLUTE)

    Base Addr    Size         Type   Attr      Idx    E Section Name        Object

    0x20000000   0x00000004   Data   RW          411    .data               bsp_debuguart.o
    0x20000004   0x00000004   Data   RW          468    .data               bsp_delay.o
    0x20000008   0x00000014   Data   RW          776    .data               system_stm32f4xx.o
    0x2000001c   0x00000010   Data   RW         3450    .data               stm32f4xx_rcc.o
    0x2000002c   0x00000406   Zero   RW          265    .bss                queue.o
    0x20000432   0x00000002   PAD
    0x20000434   0x00000060   Zero   RW         5759    .bss                c_w.l(libspace.o)
    0x20000494   0x00000004   PAD
    0x20000498   0x00000200   Zero   RW          765    HEAP                startup_stm32f40_41xxx.o
    0x20000698   0x00000400   Zero   RW          764    STACK               startup_stm32f40_41xxx.o


==============================================================================

Image component sizes


      Code (inc. data)   RO Data    RW Data    ZI Data      Debug   Object Name

       208         12          0          0          0       2097   bsp_adconverter.o
       230         12          0          4          0       4751   bsp_debuguart.o
       200         22          0          4          0       1740   bsp_delay.o
       214          8          0          0          0       1890   bsp_extint.o
       192         30          0          0          0       1960   bsp_ledbuzzer.o
       418         38          0          0          0       3268   bsp_servomotor.o
      1262        112          0          0          0       7035   bsp_sht11.o
       560        152          0          0          0     300639   main.o
       180         24          0          0          0       2141   misc.o
        64          4          0          0       1030       1242   queue.o
        64         26        392          0       1536        816   startup_stm32f40_41xxx.o
       374         24          0          0          0       5586   stm32f4xx_adc.o
       160         12          0          0          0       1565   stm32f4xx_exti.o
       240          0          0          0          0       3571   stm32f4xx_gpio.o
       230         58          0          0          0       5126   stm32f4xx_it.o
       328         36          0         16          0       4683   stm32f4xx_rcc.o
        64          4          0          0          0        648   stm32f4xx_syscfg.o
       646         58          0          0          0       6266   stm32f4xx_tim.o
       404          8          0          0          0       4318   stm32f4xx_usart.o
       328         34          0         20          0       1733   system_stm32f4xx.o

    ----------------------------------------------------------------------
      6392        674        424         44       2568     361075   Object Totals
         0          0         32          0          0          0   (incl. Generated)
        26          0          0          0          2          0   (incl. Padding)

    ----------------------------------------------------------------------

      Code (inc. data)   RO Data    RW Data    ZI Data      Debug   Library Member Name

         8          0          0          0          0         68   __main.o
       284          0          0          0          0        156   __printf_wp.o
         0          0          0          0          0          0   __rtentry.o
        12          0          0          0          0          0   __rtentry2.o
         6          0          0          0          0          0   __rtentry4.o
        52          8          0          0          0          0   __scatter.o
        26          0          0          0          0          0   __scatter_copy.o
        28          0          0          0          0          0   __scatter_zi.o
        48          6          0          0          0         96   _printf_char_common.o
        36          4          0          0          0         80   _printf_char_file.o
         6          0          0          0          0          0   _printf_d.o
       120         16          0          0          0         92   _printf_dec.o
         6          0          0          0          0          0   _printf_f.o
      1050          0          0          0          0        216   _printf_fp_dec.o
       128         16          0          0          0         84   _printf_fp_infnan.o
       178          0          0          0          0         88   _printf_intcommon.o
        78          0          0          0          0        108   _printf_pad.o
         0          0          0          0          0          0   _printf_percent.o
         4          0          0          0          0          0   _printf_percent_end.o
        22          0          0          0          0        100   _rserrno.o
       220          4        148          0          0         96   bigflt0.o
      1910        128          0          0          0        672   btod.o
        18          0          0          0          0         80   exit.o
         8          0          0          0          0         68   ferror.o
         6          0          0          0          0        152   heapauxi.o
        44         10         28          0          0         76   lc_numeric_c.o
         2          0          0          0          0          0   libinit.o
        18          0          0          0          0          0   libinit2.o
         2          0          0          0          0          0   libshutdown.o
         2          0          0          0          0          0   libshutdown2.o
         8          4          0          0         96         68   libspace.o
       138          0          0          0          0         80   lludiv10.o
        24          4          0          0          0         84   noretval__2printf.o
         8          4          0          0          0         68   rt_errno_addr_intlibspace.o
         8          4          0          0          0         68   rt_locale_intlibspace.o
        78          0          0          0          0         80   rt_memclr_w.o
         2          0          0          0          0          0   rtexit.o
        10          0          0          0          0          0   rtexit2.o
       128          0          0          0          0         68   strcmpv7m.o
        74          0          0          0          0         80   sys_stackheap_outer.o
         2          0          0          0          0         68   use_no_semi.o
         2          0          0          0          0         68   use_no_semi_2.o
        98          4          0          0          0         92   d2f.o
       826         16          0          0          0        348   daddsub_clz.o
        16          4          0          0          0         68   dcheck1.o
        24          0          0          0          0         68   dcmpi.o
       688        140          0          0          0        208   ddiv.o
       120          4          0          0          0         92   deqf.o
        46          0          0          0          0         68   dflt_clz.o
       120          4          0          0          0         92   dleqf.o
       340         12          0          0          0        104   dmul.o
       156          4          0          0          0         92   dnaninf.o
        12          0          0          0          0         68   dretinf.o
        86          4          0          0          0         84   f2d.o
       430          8          0          0          0        168   faddsub_clz.o
        24          0          0          0          0         68   fcmpi.o
        38          0          0          0          0         68   fflt_clz.o
       104          4          0          0          0         84   fleqf.o
       258          4          0          0          0         84   fmul.o
       140          4          0          0          0         84   fnaninf.o
        10          0          0          0          0         68   fretinf.o
        98          0          0          0          0         68   frleqf.o
         4          0          0          0          0         68   printf1.o
       100          0          0          0          0         68   retnan.o
        92          0          0          0          0         68   scalbn.o
        48          0          0          0          0         68   trapv.o
         0          0          0          0          0          0   usenofp.o
        34          4          0          0          0        204   dunder.o
        40          0          0          0          0         68   fpclassify.o
       860         52         56          0          0        256   log.o
       228         30          0          0          0        120   log10.o
       170          0          0          0          0         96   poly.o
         0          0          8          0          0          0   qnan.o

    ----------------------------------------------------------------------
     10040        506        244          0        100       6056   Library Totals
        26          0          4          0          4          0   (incl. Padding)

    ----------------------------------------------------------------------

      Code (inc. data)   RO Data    RW Data    ZI Data      Debug   Library Name

      4804        208        176          0         96       2964   c_w.l
      3878        212          0          0          0       2348   fz_ws.l
      1332         86         64          0          0        744   m_ws.l

    ----------------------------------------------------------------------
     10040        506        244          0        100       6056   Library Totals

    ----------------------------------------------------------------------

==============================================================================


      Code (inc. data)   RO Data    RW Data    ZI Data      Debug   

     16432       1180        668         44       2668     359327   Grand Totals
     16432       1180        668         44       2668     359327   ELF Image Totals
     16432       1180        668         44          0          0   ROM Totals

==============================================================================

    Total RO  Size (Code + RO Data)                17100 (  16.70kB)
    Total RW  Size (RW Data + ZI Data)              2712 (   2.65kB)
    Total ROM Size (Code + RO Data + RW Data)      17144 (  16.74kB)

==============================================================================

